Component: ARM Compiler 5.06 update 1 (build 61) Tool: armlink [4d35a8]

==============================================================================

Section Cross References

    startup_stm32f10x_md.o(STACK) refers (Special) to heapauxi.o(.text) for __use_two_region_memory
    startup_stm32f10x_md.o(HEAP) refers (Special) to heapauxi.o(.text) for __use_two_region_memory
    startup_stm32f10x_md.o(RESET) refers (Special) to heapauxi.o(.text) for __use_two_region_memory
    startup_stm32f10x_md.o(RESET) refers to startup_stm32f10x_md.o(STACK) for __initial_sp
    startup_stm32f10x_md.o(RESET) refers to startup_stm32f10x_md.o(.text) for Reset_Handler
    startup_stm32f10x_md.o(RESET) refers to stm32f10x_it.o(i.NMI_Handler) for NMI_Handler
    startup_stm32f10x_md.o(RESET) refers to stm32f10x_it.o(i.HardFault_Handler) for HardFault_Handler
    startup_stm32f10x_md.o(RESET) refers to stm32f10x_it.o(i.MemManage_Handler) for MemManage_Handler
    startup_stm32f10x_md.o(RESET) refers to stm32f10x_it.o(i.BusFault_Handler) for BusFault_Handler
    startup_stm32f10x_md.o(RESET) refers to stm32f10x_it.o(i.UsageFault_Handler) for UsageFault_Handler
    startup_stm32f10x_md.o(RESET) refers to stm32f10x_it.o(i.SVC_Handler) for SVC_Handler
    startup_stm32f10x_md.o(RESET) refers to stm32f10x_it.o(i.DebugMon_Handler) for DebugMon_Handler
    startup_stm32f10x_md.o(RESET) refers to stm32f10x_it.o(i.PendSV_Handler) for PendSV_Handler
    startup_stm32f10x_md.o(RESET) refers to stm32f10x_it.o(i.SysTick_Handler) for SysTick_Handler
    startup_stm32f10x_md.o(RESET) refers to stm32f10x_driver_tim.o(i.TIM4_IRQHandler) for TIM4_IRQHandler
    startup_stm32f10x_md.o(RESET) refers to stm32f10x_driver_usart.o(i.USART1_IRQHandler) for USART1_IRQHandler
    startup_stm32f10x_md.o(.text) refers (Special) to heapauxi.o(.text) for __use_two_region_memory
    startup_stm32f10x_md.o(.text) refers to system_stm32f10x.o(i.SystemInit) for SystemInit
    startup_stm32f10x_md.o(.text) refers to __main.o(!!!main) for __main
    startup_stm32f10x_md.o(.text) refers to startup_stm32f10x_md.o(HEAP) for Heap_Mem
    startup_stm32f10x_md.o(.text) refers to startup_stm32f10x_md.o(STACK) for Stack_Mem
    system_stm32f10x.o(i.SetSysClock) refers to system_stm32f10x.o(i.SetSysClockTo72) for SetSysClockTo72
    system_stm32f10x.o(i.SystemCoreClockUpdate) refers to system_stm32f10x.o(.data) for SystemCoreClock
    system_stm32f10x.o(i.SystemInit) refers to system_stm32f10x.o(i.SetSysClock) for SetSysClock
    stm32f10x_adc.o(i.ADC_DeInit) refers to stm32f10x_rcc.o(i.RCC_APB2PeriphResetCmd) for RCC_APB2PeriphResetCmd
    stm32f10x_bkp.o(i.BKP_DeInit) refers to stm32f10x_rcc.o(i.RCC_BackupResetCmd) for RCC_BackupResetCmd
    stm32f10x_can.o(i.CAN_DeInit) refers to stm32f10x_rcc.o(i.RCC_APB1PeriphResetCmd) for RCC_APB1PeriphResetCmd
    stm32f10x_can.o(i.CAN_GetITStatus) refers to stm32f10x_can.o(i.CheckITStatus) for CheckITStatus
    stm32f10x_cec.o(i.CEC_DeInit) refers to stm32f10x_rcc.o(i.RCC_APB1PeriphResetCmd) for RCC_APB1PeriphResetCmd
    stm32f10x_dac.o(i.DAC_DeInit) refers to stm32f10x_rcc.o(i.RCC_APB1PeriphResetCmd) for RCC_APB1PeriphResetCmd
    stm32f10x_flash.o(i.FLASH_EnableWriteProtection) refers to stm32f10x_flash.o(i.FLASH_WaitForLastOperation) for FLASH_WaitForLastOperation
    stm32f10x_flash.o(i.FLASH_EraseAllBank1Pages) refers to stm32f10x_flash.o(i.FLASH_WaitForLastBank1Operation) for FLASH_WaitForLastBank1Operation
    stm32f10x_flash.o(i.FLASH_EraseAllPages) refers to stm32f10x_flash.o(i.FLASH_WaitForLastOperation) for FLASH_WaitForLastOperation
    stm32f10x_flash.o(i.FLASH_EraseOptionBytes) refers to stm32f10x_flash.o(i.FLASH_GetReadOutProtectionStatus) for FLASH_GetReadOutProtectionStatus
    stm32f10x_flash.o(i.FLASH_EraseOptionBytes) refers to stm32f10x_flash.o(i.FLASH_WaitForLastOperation) for FLASH_WaitForLastOperation
    stm32f10x_flash.o(i.FLASH_ErasePage) refers to stm32f10x_flash.o(i.FLASH_WaitForLastOperation) for FLASH_WaitForLastOperation
    stm32f10x_flash.o(i.FLASH_ProgramHalfWord) refers to stm32f10x_flash.o(i.FLASH_WaitForLastOperation) for FLASH_WaitForLastOperation
    stm32f10x_flash.o(i.FLASH_ProgramOptionByteData) refers to stm32f10x_flash.o(i.FLASH_WaitForLastOperation) for FLASH_WaitForLastOperation
    stm32f10x_flash.o(i.FLASH_ProgramWord) refers to stm32f10x_flash.o(i.FLASH_WaitForLastOperation) for FLASH_WaitForLastOperation
    stm32f10x_flash.o(i.FLASH_ReadOutProtection) refers to stm32f10x_flash.o(i.FLASH_WaitForLastOperation) for FLASH_WaitForLastOperation
    stm32f10x_flash.o(i.FLASH_UserOptionByteConfig) refers to stm32f10x_flash.o(i.FLASH_WaitForLastOperation) for FLASH_WaitForLastOperation
    stm32f10x_flash.o(i.FLASH_WaitForLastBank1Operation) refers to stm32f10x_flash.o(i.FLASH_GetBank1Status) for FLASH_GetBank1Status
    stm32f10x_flash.o(i.FLASH_WaitForLastOperation) refers to stm32f10x_flash.o(i.FLASH_GetBank1Status) for FLASH_GetBank1Status
[...]
    ../mathlib/atan2f.c                      0x00000000   Number         0  atan2f_x.o ABSOLUTE
    ../mathlib/atan2f.c                      0x00000000   Number         0  atan2f.o ABSOLUTE
    ../mathlib/cosf.c                        0x00000000   Number         0  cosf.o ABSOLUTE
    ../mathlib/cosf.c                        0x00000000   Number         0  cosf_x.o ABSOLUTE
    ../mathlib/dunder.c                      0x00000000   Number         0  dunder.o ABSOLUTE
    ../mathlib/fpclassify.c                  0x00000000   Number         0  fpclassify.o ABSOLUTE
    ../mathlib/fpclassifyf.c                 0x00000000   Number         0  fpclassifyf.o ABSOLUTE
    ../mathlib/funder.c                      0x00000000   Number         0  funder.o ABSOLUTE
    ../mathlib/poly.c                        0x00000000   Number         0  poly.o ABSOLUTE
    ../mathlib/pow.c                         0x00000000   Number         0  pow_x.o ABSOLUTE
    ../mathlib/pow.c                         0x00000000   Number         0  pow.o ABSOLUTE
    ../mathlib/qnan.c                        0x00000000   Number         0  qnan.o ABSOLUTE
    ../mathlib/rredf.c                       0x00000000   Number         0  rredf.o ABSOLUTE
    ../mathlib/sinf.c                        0x00000000   Number         0  sinf_x.o ABSOLUTE
    ../mathlib/sinf.c                        0x00000000   Number         0  sinf.o ABSOLUTE
    ../mathlib/sqrt.c                        0x00000000   Number         0  sqrt.o ABSOLUTE
    ../mathlib/sqrt.c                        0x00000000   Number         0  sqrt_x.o ABSOLUTE
    ../mathlib/sqrtf.c                       0x00000000   Number         0  sqrtf.o ABSOLUTE
    ../mathlib/sqrtf.c                       0x00000000   Number         0  sqrtf_x.o ABSOLUTE
    ../mathlib/tanf.c                        0x00000000   Number         0  tanf_x.o ABSOLUTE
    ../mathlib/tanf.c                        0x00000000   Number         0  tanf.o ABSOLUTE
    ..\Algorithm\Algorithm_BAR\stm32f10x_algorithm_bar.c 0x00000000   Number         0  stm32f10x_algorithm_bar.o ABSOLUTE
    ..\Algorithm\Algorithm_Control\stm32f10x_algorithm_control.c 0x00000000   Number         0  stm32f10x_algorithm_control.o ABSOLUTE
    ..\Algorithm\Algorithm_Filter\stm32f10x_algorithm_filter.c 0x00000000   Number         0  stm32f10x_algorithm_filter.o ABSOLUTE
    ..\Algorithm\Algorithm_IMU\stm32f10x_algorithm_imu.c 0x00000000   Number         0  stm32f10x_algorithm_imu.o ABSOLUTE
    ..\Drivers\Driver_Delay\stm32f10x_driver_delay.c 0x00000000   Number         0  stm32f10x_driver_delay.o ABSOLUTE
    ..\Drivers\Driver_EEPROM\stm32f10x_driver_eeprom.c 0x00000000   Number         0  stm32f10x_driver_eeprom.o ABSOLUTE
    ..\Drivers\Driver_Flash\stm32f10x_driver_flash.c 0x00000000   Number         0  stm32f10x_driver_flash.o ABSOLUTE
    ..\Drivers\Driver_IIC\stm32f10x_driver_iic.c 0x00000000   Number         0  stm32f10x_driver_iic.o ABSOLUTE
    ..\Drivers\Driver_PWM\stm32f10x_driver_pwm.c 0x00000000   Number         0  stm32f10x_driver_pwm.o ABSOLUTE
    ..\Drivers\Driver_SPI\stm32f10x_driver_spi.c 0x00000000   Number         0  stm32f10x_driver_spi.o ABSOLUTE
    ..\Drivers\Driver_Sys\stm32f10x_driver_sys.c 0x00000000   Number         0  stm32f10x_driver_sys.o ABSOLUTE
    ..\Drivers\Driver_Tim\stm32f10x_driver_tim.c 0x00000000   Number         0  stm32f10x_driver_tim.o ABSOLUTE
    ..\Drivers\Driver_USART\stm32f10x_driver_usart.c 0x00000000   Number         0  stm32f10x_driver_usart.o ABSOLUTE
    ..\Libraries\CMSIS\core_cm3.c            0x00000000   Number         0  core_cm3.o ABSOLUTE
    ..\Libraries\CMSIS\startup\startup_stm32f10x_md.s 0x00000000   Number         0  startup_stm32f10x_md.o ABSOLUTE
    ..\Libraries\CMSIS\system_stm32f10x.c    0x00000000   Number         0  system_stm32f10x.o ABSOLUTE
    ..\Libraries\FWLib\src\misc.c            0x00000000   Number         0  misc.o ABSOLUTE
    ..\Libraries\FWLib\src\stm32f10x_adc.c   0x00000000   Number         0  stm32f10x_adc.o ABSOLUTE
    ..\Libraries\FWLib\src\stm32f10x_bkp.c   0x00000000   Number         0  stm32f10x_bkp.o ABSOLUTE
    ..\Libraries\FWLib\src\stm32f10x_can.c   0x00000000   Number         0  stm32f10x_can.o ABSOLUTE
    ..\Libraries\FWLib\src\stm32f10x_cec.c   0x00000000   Number         0  stm32f10x_cec.o ABSOLUTE
    ..\Libraries\FWLib\src\stm32f10x_crc.c   0x00000000   Number         0  stm32f10x_crc.o ABSOLUTE
    ..\Libraries\FWLib\src\stm32f10x_dac.c   0x00000000   Number         0  stm32f10x_dac.o ABSOLUTE
    ..\Libraries\FWLib\src\stm32f10x_dbgmcu.c 0x00000000   Number         0  stm32f10x_dbgmcu.o ABSOLUTE
    ..\Libraries\FWLib\src\stm32f10x_dma.c   0x00000000   Number         0  stm32f10x_dma.o ABSOLUTE
    ..\Libraries\FWLib\src\stm32f10x_exti.c  0x00000000   Number         0  stm32f10x_exti.o ABSOLUTE
    ..\Libraries\FWLib\src\stm32f10x_flash.c 0x00000000   Number         0  stm32f10x_flash.o ABSOLUTE
    ..\Libraries\FWLib\src\stm32f10x_fsmc.c  0x00000000   Number         0  stm32f10x_fsmc.o ABSOLUTE
    ..\Libraries\FWLib\src\stm32f10x_gpio.c  0x00000000   Number         0  stm32f10x_gpio.o ABSOLUTE
    ..\Libraries\FWLib\src\stm32f10x_i2c.c   0x00000000   Number         0  stm32f10x_i2c.o ABSOLUTE
    ..\Libraries\FWLib\src\stm32f10x_iwdg.c  0x00000000   Number         0  stm32f10x_iwdg.o ABSOLUTE
    ..\Libraries\FWLib\src\stm32f10x_pwr.c   0x00000000   Number         0  stm32f10x_pwr.o ABSOLUTE
    ..\Libraries\FWLib\src\stm32f10x_rcc.c   0x00000000   Number         0  stm32f10x_rcc.o ABSOLUTE
    ..\Libraries\FWLib\src\stm32f10x_rtc.c   0x00000000   Number         0  stm32f10x_rtc.o ABSOLUTE
    ..\Libraries\FWLib\src\stm32f10x_sdio.c  0x00000000   Number         0  stm32f10x_sdio.o ABSOLUTE
    ..\Libraries\FWLib\src\stm32f10x_spi.c   0x00000000   Number         0  stm32f10x_spi.o ABSOLUTE
    ..\Libraries\FWLib\src\stm32f10x_tim.c   0x00000000   Number         0  stm32f10x_tim.o ABSOLUTE
    ..\Libraries\FWLib\src\stm32f10x_usart.c 0x00000000   Number         0  stm32f10x_usart.o ABSOLUTE
    ..\Libraries\FWLib\src\stm32f10x_wwdg.c  0x00000000   Number         0  stm32f10x_wwdg.o ABSOLUTE
    ..\System\System_Battery\stm32f10x_system_battery.c 0x00000000   Number         0  stm32f10x_system_battery.o ABSOLUTE
    ..\System\System_Led\stm32f10x_system_led.c 0x00000000   Number         0  stm32f10x_system_led.o ABSOLUTE
    ..\System\System_MPU6050\stm32f10x_system_mpu6050.c 0x00000000   Number         0  stm32f10x_system_mpu6050.o ABSOLUTE
    ..\System\System_MS5611\stm32f10x_system_ms5611.c 0x00000000   Number         0  stm32f10x_system_ms5611.o ABSOLUTE
    ..\System\System_NRF24L01\stm32f10x_system_nrf24l01.c 0x00000000   Number         0  stm32f10x_system_nrf24l01.o ABSOLUTE
    ..\System\System_RPData\stm32f10x_system_rpdata.c 0x00000000   Number         0  stm32f10x_system_rpdata.o ABSOLUTE
    ..\User\main.c                           0x00000000   Number         0  main.o ABSOLUTE
    ..\User\stm32f10x_it.c                   0x00000000   Number         0  stm32f10x_it.o ABSOLUTE
    ..\\Libraries\\CMSIS\\core_cm3.c         0x00000000   Number         0  core_cm3.o ABSOLUTE
    dc.s                                     0x00000000   Number         0  dc.o ABSOLUTE
    RESET                                    0x08000000   Section      236  startup_stm32f10x_md.o(RESET)
    !!!main                                  0x080000ec   Section        8  __main.o(!!!main)
    !!!scatter                               0x080000f4   Section       52  __scatter.o(!!!scatter)
    !!handler_copy                           0x08000128   Section       26  __scatter_copy.o(!!handler_copy)
    !!handler_zi                             0x08000144   Section       28  __scatter_zi.o(!!handler_zi)
    .ARM.Collect$$_printf_percent$$00000000  0x08000160   Section        0  _printf_percent.o(.ARM.Collect$$_printf_percent$$00000000)
    .ARM.Collect$$_printf_percent$$00000009  0x08000160   Section        6  _printf_d.o(.ARM.Collect$$_printf_percent$$00000009)
    .ARM.Collect$$_printf_percent$$00000017  0x08000166   Section        4  _printf_percent_end.o(.ARM.Collect$$_printf_percent$$00000017)
    .ARM.Collect$$libinit$$00000000          0x0800016a   Section        2  libinit.o(.ARM.Collect$$libinit$$00000000)
    .ARM.Collect$$libinit$$00000002          0x0800016c   Section        0  libinit2.o(.ARM.Collect$$libinit$$00000002)
    .ARM.Collect$$libinit$$00000004          0x0800016c   Section        0  libinit2.o(.ARM.Collect$$libinit$$00000004)
    .ARM.Collect$$libinit$$0000000A          0x0800016c   Section        0  libinit2.o(.ARM.Collect$$libinit$$0000000A)
    .ARM.Collect$$libinit$$0000000C          0x0800016c   Section        0  libinit2.o(.ARM.Collect$$libinit$$0000000C)
    .ARM.Collect$$libinit$$0000000E          0x0800016c   Section        0  libinit2.o(.ARM.Collect$$libinit$$0000000E)
    .ARM.Collect$$libinit$$00000011          0x0800016c   Section        0  libinit2.o(.ARM.Collect$$libinit$$00000011)
    .ARM.Collect$$libinit$$00000013          0x0800016c   Section        0  libinit2.o(.ARM.Collect$$libinit$$00000013)
    .ARM.Collect$$libinit$$00000015          0x0800016c   Section        0  libinit2.o(.ARM.Collect$$libinit$$00000015)
    .ARM.Collect$$libinit$$00000017          0x0800016c   Section        0  libinit2.o(.ARM.Collect$$libinit$$00000017)
    .ARM.Collect$$libinit$$00000019          0x0800016c   Section        0  libinit2.o(.ARM.Collect$$libinit$$00000019)
    .ARM.Collect$$libinit$$0000001B          0x0800016c   Section        0  libinit2.o(.ARM.Collect$$libinit$$0000001B)
    .ARM.Collect$$libinit$$0000001D          0x0800016c   Section        0  libinit2.o(.ARM.Collect$$libinit$$0000001D)
    .ARM.Collect$$libinit$$0000001F          0x0800016c   Section        0  libinit2.o(.ARM.Collect$$libinit$$0000001F)
    .ARM.Collect$$libinit$$00000021          0x0800016c   Section        0  libinit2.o(.ARM.Collect$$libinit$$00000021)
    .ARM.Collect$$libinit$$00000023          0x0800016c   Section        0  libinit2.o(.ARM.Collect$$libinit$$00000023)
    .ARM.Collect$$libinit$$00000025          0x0800016c   Section        0  libinit2.o(.ARM.Collect$$libinit$$00000025)
    .ARM.Collect$$libinit$$0000002C          0x0800016c   Section        0  libinit2.o(.ARM.Collect$$libinit$$0000002C)
    .ARM.Collect$$libinit$$0000002E          0x0800016c   Section        0  libinit2.o(.ARM.Collect$$libinit$$0000002E)
    .ARM.Collect$$libinit$$00000030          0x0800016c   Section        0  libinit2.o(.ARM.Collect$$libinit$$00000030)
    .ARM.Collect$$libinit$$00000032          0x0800016c   Section        0  libinit2.o(.ARM.Collect$$libinit$$00000032)
    .ARM.Collect$$libinit$$00000033          0x0800016c   Section        2  libinit2.o(.ARM.Collect$$libinit$$00000033)
    .ARM.Collect$$libshutdown$$00000000      0x0800016e   Section        2  libshutdown.o(.ARM.Collect$$libshutdown$$00000000)
    .ARM.Collect$$libshutdown$$00000002      0x08000170   Section        0  libshutdown2.o(.ARM.Collect$$libshutdown$$00000002)
    .ARM.Collect$$libshutdown$$00000004      0x08000170   Section        0  libshutdown2.o(.ARM.Collect$$libshutdown$$00000004)
    .ARM.Collect$$libshutdown$$00000007      0x08000170   Section        0  libshutdown2.o(.ARM.Collect$$libshutdown$$00000007)
    .ARM.Collect$$libshutdown$$0000000A      0x08000170   Section        0  libshutdown2.o(.ARM.Collect$$libshutdown$$0000000A)
    .ARM.Collect$$libshutdown$$0000000C      0x08000170   Section        0  libshutdown2.o(.ARM.Collect$$libshutdown$$0000000C)
    .ARM.Collect$$libshutdown$$0000000F      0x08000170   Section        0  libshutdown2.o(.ARM.Collect$$libshutdown$$0000000F)
    .ARM.Collect$$libshutdown$$00000010      0x08000170   Section        2  libshutdown2.o(.ARM.Collect$$libshutdown$$00000010)
    .ARM.Collect$$rtentry$$00000000          0x08000172   Section        0  __rtentry.o(.ARM.Collect$$rtentry$$00000000)
    .ARM.Collect$$rtentry$$00000002          0x08000172   Section        0  __rtentry2.o(.ARM.Collect$$rtentry$$00000002)
    .ARM.Collect$$rtentry$$00000004          0x08000172   Section        6  __rtentry4.o(.ARM.Collect$$rtentry$$00000004)
    .ARM.Collect$$rtentry$$00000009          0x08000178   Section        0  __rtentry2.o(.ARM.Collect$$rtentry$$00000009)
    .ARM.Collect$$rtentry$$0000000A          0x08000178   Section        4  __rtentry2.o(.ARM.Collect$$rtentry$$0000000A)
    .ARM.Collect$$rtentry$$0000000C          0x0800017c   Section        0  __rtentry2.o(.ARM.Collect$$rtentry$$0000000C)
    .ARM.Collect$$rtentry$$0000000D          0x0800017c   Section        8  __rtentry2.o(.ARM.Collect$$rtentry$$0000000D)
    .ARM.Collect$$rtexit$$00000000           0x08000184   Section        2  rtexit.o(.ARM.Collect$$rtexit$$00000000)
    .ARM.Collect$$rtexit$$00000002           0x08000186   Section        0  rtexit2.o(.ARM.Collect$$rtexit$$00000002)
    .ARM.Collect$$rtexit$$00000003           0x08000186   Section        4  rtexit2.o(.ARM.Collect$$rtexit$$00000003)
    .ARM.Collect$$rtexit$$00000004           0x0800018a   Section        6  rtexit2.o(.ARM.Collect$$rtexit$$00000004)
    .text                                    0x08000190   Section       64  startup_stm32f10x_md.o(.text)
    .text                                    0x080001d0   Section        2  use_no_semi_2.o(.text)
    .text                                    0x080001d4   Section        0  noretval__2printf.o(.text)
    .text                                    0x080001ec   Section        0  __printf.o(.text)
    .text                                    0x08000254   Section        0  _printf_dec.o(.text)
    .text                                    0x080002cc   Section        0  heapauxi.o(.text)
    .text                                    0x080002d2   Section        2  use_no_semi.o(.text)
    .text                                    0x080002d4   Section        0  _printf_intcommon.o(.text)
    .text                                    0x08000388   Section        0  _printf_char_file.o(.text)
    .text                                    0x080003ac   Section        0  _printf_char_common.o(.text)
    _printf_input_char                       0x080003ad   Thumb Code    10  _printf_char_common.o(.text)
    .text                                    0x080003dc   Section        0  ferror.o(.text)
    .text                                    0x080003e4   Section        8  libspace.o(.text)
    .text                                    0x080003ec   Section       74  sys_stackheap_outer.o(.text)
    .text                                    0x08000436   Section        0  exit.o(.text)
    i.BusFault_Handler                       0x08000448   Section        0  stm32f10x_it.o(i.BusFault_Handler)
    i.DebugMon_Handler                       0x0800044c   Section        0  stm32f10x_it.o(i.DebugMon_Handler)
    i.FLASH_ErasePage                        0x08000450   Section        0  stm32f10x_flash.o(i.FLASH_ErasePage)
    i.FLASH_GetBank1Status                   0x0800049c   Section        0  stm32f10x_flash.o(i.FLASH_GetBank1Status)
    i.FLASH_Lock                             0x080004d0   Section        0  stm32f10x_flash.o(i.FLASH_Lock)
    i.FLASH_ProgramHalfWord                  0x080004e4   Section        0  stm32f10x_flash.o(i.FLASH_ProgramHalfWord)
    i.FLASH_Unlock                           0x08000524   Section        0  stm32f10x_flash.o(i.FLASH_Unlock)
    i.FLASH_WaitForLastOperation             0x0800053c   Section        0  stm32f10x_flash.o(i.FLASH_WaitForLastOperation)
    i.GPIO_Init                              0x08000562   Section        0  stm32f10x_gpio.o(i.GPIO_Init)
    i.GPIO_ResetBits                         0x08000678   Section        0  stm32f10x_gpio.o(i.GPIO_ResetBits)
    i.GPIO_SetBits                           0x0800067c   Section        0  stm32f10x_gpio.o(i.GPIO_SetBits)
    i.HardFault_Handler                      0x08000680   Section        0  stm32f10x_it.o(i.HardFault_Handler)
    i.Hardware_Init                          0x08000684   Section        0  main.o(i.Hardware_Init)
    i.LoadParamsFromEEPROM                   0x080006b8   Section        0  stm32f10x_driver_eeprom.o(i.LoadParamsFromEEPROM)
    i.MemManage_Handler                      0x080006e8   Section        0  stm32f10x_it.o(i.MemManage_Handler)
    i.NMI_Handler                            0x080006ec   Section        0  stm32f10x_it.o(i.NMI_Handler)
    i.NRF24L01_Check                         0x080006f0   Section        0  stm32f10x_system_nrf24l01.o(i.NRF24L01_Check)
    i.NRF24L01_INIT                          0x08000778   Section        0  stm32f10x_system_nrf24l01.o(i.NRF24L01_INIT)
    i.NRF_Irq                                0x08000788   Section        0  stm32f10x_system_nrf24l01.o(i.NRF_Irq)
    i.NRF_Matching                           0x080007b8   Section        0  stm32f10x_system_nrf24l01.o(i.NRF_Matching)
    i.NRF_Read_Buf                           0x080008d4   Section        0  stm32f10x_system_nrf24l01.o(i.NRF_Read_Buf)
    i.NRF_Read_Reg                           0x08000914   Section        0  stm32f10x_system_nrf24l01.o(i.NRF_Read_Reg)
    i.NRF_Write_Buf                          0x08000940   Section        0  stm32f10x_system_nrf24l01.o(i.NRF_Write_Buf)
    i.NRF_Write_Reg                          0x08000980   Section        0  stm32f10x_system_nrf24l01.o(i.NRF_Write_Reg)
    i.NVIC_Init                              0x080009ac   Section        0  misc.o(i.NVIC_Init)
    i.NVIC_PriorityGroupConfig               0x08000a1c   Section        0  misc.o(i.NVIC_PriorityGroupConfig)
    i.PWM_Init                               0x08000a30   Section        0  stm32f10x_driver_pwm.o(i.PWM_Init)
    i.PWM_MotorFlash                         0x08000b14   Section        0  stm32f10x_driver_pwm.o(i.PWM_MotorFlash)
    i.ParamSetDefault                        0x08000b8c   Section        0  stm32f10x_driver_eeprom.o(i.ParamSetDefault)
    i.ParamToTable                           0x08000c88   Section        0  stm32f10x_driver_eeprom.o(i.ParamToTable)
    i.PendSV_Handler                         0x08000d8c   Section        0  stm32f10x_it.o(i.PendSV_Handler)
    i.ProcessDataFromNRF                     0x08000d90   Section        0  stm32f10x_system_rpdata.o(i.ProcessDataFromNRF)
    i.RCC_APB1PeriphClockCmd                 0x08000f4c   Section        0  stm32f10x_rcc.o(i.RCC_APB1PeriphClockCmd)
    i.RCC_APB1PeriphResetCmd                 0x08000f6c   Section        0  stm32f10x_rcc.o(i.RCC_APB1PeriphResetCmd)
    i.RCC_APB2PeriphClockCmd                 0x08000f8c   Section        0  stm32f10x_rcc.o(i.RCC_APB2PeriphClockCmd)
    i.RCC_APB2PeriphResetCmd                 0x08000fac   Section        0  stm32f10x_rcc.o(i.RCC_APB2PeriphResetCmd)
    i.RCC_GetClocksFreq                      0x08000fcc   Section        0  stm32f10x_rcc.o(i.RCC_GetClocksFreq)
    i.ReceiveDataFromNRF                     0x080010a0   Section        0  stm32f10x_system_rpdata.o(i.ReceiveDataFromNRF)
    i.SPI_Cmd                                0x08001134   Section        0  stm32f10x_spi.o(i.SPI_Cmd)
    i.SPI_I2S_GetFlagStatus                  0x0800114c   Section        0  stm32f10x_spi.o(i.SPI_I2S_GetFlagStatus)
    i.SPI_I2S_ReceiveData                    0x0800115e   Section        0  stm32f10x_spi.o(i.SPI_I2S_ReceiveData)
    i.SPI_I2S_SendData                       0x08001164   Section        0  stm32f10x_spi.o(i.SPI_I2S_SendData)
    i.SPI_INIT                               0x08001168   Section        0  stm32f10x_driver_spi.o(i.SPI_INIT)
    i.SPI_Init                               0x0800122c   Section        0  stm32f10x_spi.o(i.SPI_Init)
    i.SPI_RW                                 0x08001268   Section        0  stm32f10x_driver_spi.o(i.SPI_RW)
    i.STMFLASH_Read                          0x080012a0   Section        0  stm32f10x_driver_flash.o(i.STMFLASH_Read)
    i.STMFLASH_ReadHalfWord                  0x080012c2   Section        0  stm32f10x_driver_flash.o(i.STMFLASH_ReadHalfWord)
    i.STMFLASH_Write                         0x080012c8   Section        0  stm32f10x_driver_flash.o(i.STMFLASH_Write)
    i.STMFLASH_Write_NoCheck                 0x080013b0   Section        0  stm32f10x_driver_flash.o(i.STMFLASH_Write_NoCheck)
    i.SVC_Handler                            0x080013d6   Section        0  stm32f10x_it.o(i.SVC_Handler)
    i.SaveParamsToEEPROM                     0x080013d8   Section        0  stm32f10x_driver_eeprom.o(i.SaveParamsToEEPROM)
    i.SetRX_Mode                             0x080013e4   Section        0  stm32f10x_system_nrf24l01.o(i.SetRX_Mode)
    i.SetSysClock                            0x08001448   Section        0  system_stm32f10x.o(i.SetSysClock)
    SetSysClock                              0x08001449   Thumb Code     8  system_stm32f10x.o(i.SetSysClock)
    i.SetSysClockTo72                        0x08001450   Section        0  system_stm32f10x.o(i.SetSysClockTo72)
    SetSysClockTo72                          0x08001451   Thumb Code   214  system_stm32f10x.o(i.SetSysClockTo72)
    i.SysTick_CLKSourceConfig                0x08001530   Section        0  misc.o(i.SysTick_CLKSourceConfig)
    i.SysTick_Handler                        0x08001558   Section        0  stm32f10x_it.o(i.SysTick_Handler)
    i.SystemInit                             0x08001568   Section        0  system_stm32f10x.o(i.SystemInit)
    i.TIM4_IRQHandler                        0x080015c8   Section        0  stm32f10x_driver_tim.o(i.TIM4_IRQHandler)
    i.TIM4_Init                              0x0800160c   Section        0  stm32f10x_driver_tim.o(i.TIM4_Init)
    i.TIM_ClearITPendingBit                  0x0800166c   Section        0  stm32f10x_tim.o(i.TIM_ClearITPendingBit)
    i.TIM_Cmd                                0x08001672   Section        0  stm32f10x_tim.o(i.TIM_Cmd)
    i.TIM_DeInit                             0x0800168c   Section        0  stm32f10x_tim.o(i.TIM_DeInit)
    i.TIM_GetITStatus                        0x08001874   Section        0  stm32f10x_tim.o(i.TIM_GetITStatus)
    i.TIM_ITConfig                           0x08001896   Section        0  stm32f10x_tim.o(i.TIM_ITConfig)
    i.TIM_OC1Init                            0x080018a8   Section        0  stm32f10x_tim.o(i.TIM_OC1Init)
    i.TIM_OC1PreloadConfig                   0x08001940   Section        0  stm32f10x_tim.o(i.TIM_OC1PreloadConfig)
    i.TIM_OC2Init                            0x08001954   Section        0  stm32f10x_tim.o(i.TIM_OC2Init)
    i.TIM_OC2PreloadConfig                   0x080019f8   Section        0  stm32f10x_tim.o(i.TIM_OC2PreloadConfig)
    i.TIM_OC3Init                            0x08001a14   Section        0  stm32f10x_tim.o(i.TIM_OC3Init)
    i.TIM_OC3PreloadConfig                   0x08001ab4   Section        0  stm32f10x_tim.o(i.TIM_OC3PreloadConfig)
    i.TIM_OC4Init                            0x08001ac8   Section        0  stm32f10x_tim.o(i.TIM_OC4Init)
    i.TIM_OC4PreloadConfig                   0x08001b44   Section        0  stm32f10x_tim.o(i.TIM_OC4PreloadConfig)
    i.TIM_OCStructInit                       0x08001b5e   Section        0  stm32f10x_tim.o(i.TIM_OCStructInit)
    i.TIM_SetCompare1                        0x08001b72   Section        0  stm32f10x_tim.o(i.TIM_SetCompare1)
    i.TIM_SetCompare2                        0x08001b76   Section        0  stm32f10x_tim.o(i.TIM_SetCompare2)
    i.TIM_SetCompare3                        0x08001b7a   Section        0  stm32f10x_tim.o(i.TIM_SetCompare3)
    i.TIM_SetCompare4                        0x08001b7e   Section        0  stm32f10x_tim.o(i.TIM_SetCompare4)
    i.TIM_TimeBaseInit                       0x08001b84   Section        0  stm32f10x_tim.o(i.TIM_TimeBaseInit)
    i.TableReadEEPROM                        0x08001c28   Section        0  stm32f10x_driver_eeprom.o(i.TableReadEEPROM)
    i.TableToParam                           0x08001c40   Section        0  stm32f10x_driver_eeprom.o(i.TableToParam)
    i.TableWriteEEPROM                       0x08001d38   Section        0  stm32f10x_driver_eeprom.o(i.TableWriteEEPROM)
    i.USART1_IRQHandler                      0x08001d50   Section        0  stm32f10x_driver_usart.o(i.USART1_IRQHandler)
    i.USART_Cmd                              0x08001dd8   Section        0  stm32f10x_usart.o(i.USART_Cmd)
    i.USART_DeInit                           0x08001df0   Section        0  stm32f10x_usart.o(i.USART_DeInit)
    i.USART_GetITStatus                      0x08001e8c   Section        0  stm32f10x_usart.o(i.USART_GetITStatus)
    i.USART_ITConfig                         0x08001ee0   Section        0  stm32f10x_usart.o(i.USART_ITConfig)
    i.USART_Init                             0x08001f2c   Section        0  stm32f10x_usart.o(i.USART_Init)
    i.USART_ReceiveData                      0x08002004   Section        0  stm32f10x_usart.o(i.USART_ReceiveData)
    i.UsageFault_Handler                     0x0800200e   Section        0  stm32f10x_it.o(i.UsageFault_Handler)
    i._sys_exit                              0x08002012   Section        0  stm32f10x_driver_usart.o(i._sys_exit)
    i.dbScaleLinear                          0x08002018   Section        0  stm32f10x_system_rpdata.o(i.dbScaleLinear)
    i.delay_init                             0x08002078   Section        0  stm32f10x_driver_delay.o(i.delay_init)
    i.delay_ms                               0x080020bc   Section        0  stm32f10x_driver_delay.o(i.delay_ms)
    i.fputc                                  0x08002108   Section        0  stm32f10x_driver_usart.o(i.fputc)
    i.isEEPROMValid                          0x08002124   Section        0  stm32f10x_driver_eeprom.o(i.isEEPROMValid)
    isEEPROMValid                            0x08002125   Thumb Code    34  stm32f10x_driver_eeprom.o(i.isEEPROMValid)
    i.led_init                               0x08002150   Section        0  stm32f10x_system_led.o(i.led_init)
    i.main                                   0x080021c0   Section        0  main.o(i.main)
    i.micros                                 0x080021d0   Section        0  stm32f10x_it.o(i.micros)
    i.usart_init                             0x08002214   Section        0  stm32f10x_driver_usart.o(i.usart_init)
    x$fpl$d2f                                0x080022bc   Section       98  d2f.o(x$fpl$d2f)
    x$fpl$dmul                               0x08002320   Section      340  dmul.o(x$fpl$dmul)
    x$fpl$dnaninf                            0x08002474   Section      156  dnaninf.o(x$fpl$dnaninf)
    x$fpl$dretinf                            0x08002510   Section       12  dretinf.o(x$fpl$dretinf)
    x$fpl$f2d                                0x0800251c   Section       86  f2d.o(x$fpl$f2d)
    x$fpl$fadd                               0x08002574   Section      196  faddsub_clz.o(x$fpl$fadd)
    _fadd1                                   0x08002583   Thumb Code     0  faddsub_clz.o(x$fpl$fadd)
    x$fpl$fcmpinf                            0x08002638   Section       24  fcmpi.o(x$fpl$fcmpinf)
    x$fpl$fdiv                               0x08002650   Section      388  fdiv.o(x$fpl$fdiv)
    _fdiv1                                   0x08002651   Thumb Code     0  fdiv.o(x$fpl$fdiv)
    x$fpl$feqf                               0x080027d4   Section      104  feqf.o(x$fpl$feqf)
    x$fpl$ffix                               0x0800283c   Section       54  ffix.o(x$fpl$ffix)
    x$fpl$ffixu                              0x08002874   Section       62  ffixu.o(x$fpl$ffixu)
    x$fpl$fflt                               0x080028b4   Section       48  fflt_clz.o(x$fpl$fflt)
    x$fpl$ffltu                              0x080028e4   Section       38  fflt_clz.o(x$fpl$ffltu)
    x$fpl$fleqf                              0x0800290c   Section      104  fleqf.o(x$fpl$fleqf)
    x$fpl$fnaninf                            0x08002974   Section      140  fnaninf.o(x$fpl$fnaninf)
    x$fpl$fretinf                            0x08002a00   Section       10  fretinf.o(x$fpl$fretinf)
    x$fpl$frleqf                             0x08002a0a   Section       98  frleqf.o(x$fpl$frleqf)
    x$fpl$fsub                               0x08002a6c   Section      234  faddsub_clz.o(x$fpl$fsub)
    _fsub1                                   0x08002a7b   Thumb Code     0  faddsub_clz.o(x$fpl$fsub)
    x$fpl$usenofp                            0x08002b56   Section        0  usenofp.o(x$fpl$usenofp)
    .data                                    0x20000000   Section       20  system_stm32f10x.o(.data)
    .data                                    0x20000014   Section       20  stm32f10x_rcc.o(.data)
    APBAHBPrescTable                         0x20000014   Data          16  stm32f10x_rcc.o(.data)
    ADCPrescTable                            0x20000024   Data           4  stm32f10x_rcc.o(.data)
    .data                                    0x20000028   Section        8  stm32f10x_it.o(.data)
    usTicks                                  0x20000028   Data           4  stm32f10x_it.o(.data)
    .data                                    0x20000030   Section        3  stm32f10x_driver_tim.o(.data)
    .data                                    0x20000034   Section        6  stm32f10x_driver_usart.o(.data)
    .data                                    0x2000003a   Section        4  stm32f10x_driver_delay.o(.data)
    g_fac_us                                 0x2000003a   Data           1  stm32f10x_driver_delay.o(.data)
    g_fac_ms                                 0x2000003c   Data           2  stm32f10x_driver_delay.o(.data)
    .data                                    0x2000003e   Section       12  stm32f10x_system_rpdata.o(.data)
    .data                                    0x2000004c   Section       20  stm32f10x_system_nrf24l01.o(.data)
    sta                                      0x20000051   Data           1  stm32f10x_system_nrf24l01.o(.data)
    nTs                                      0x20000054   Data           4  stm32f10x_system_nrf24l01.o(.data)
    nT                                       0x20000058   Data           4  stm32f10x_system_nrf24l01.o(.data)
    writeOvertime                            0x2000005c   Data           4  stm32f10x_system_nrf24l01.o(.data)
    .bss                                     0x20000060   Section     1024  stm32f10x_driver_flash.o(.bss)
    .bss                                     0x20000460   Section      200  stm32f10x_driver_usart.o(.bss)
    .bss                                     0x20000528   Section      164  stm32f10x_driver_eeprom.o(.bss)
    .bss                                     0x200005cc   Section       16  stm32f10x_system_rpdata.o(.bss)
    .bss                                     0x200005dc   Section       64  stm32f10x_system_nrf24l01.o(.bss)
    .bss                                     0x2000061c   Section      240  stm32f10x_algorithm_imu.o(.bss)
    gyro_bias                                0x200006dc   Data          12  stm32f10x_algorithm_imu.o(.bss)
    AccSum                                   0x200006e8   Data          12  stm32f10x_algorithm_imu.o(.bss)
    GyroSum                                  0x200006f4   Data          12  stm32f10x_algorithm_imu.o(.bss)
    gyro_offsets_sum                         0x20000700   Data          12  stm32f10x_algorithm_imu.o(.bss)
    .bss                                     0x2000070c   Section      420  stm32f10x_algorithm_control.o(.bss)
    .bss                                     0x200008b0   Section       96  libspace.o(.bss)
    HEAP                                     0x20000910   Section      512  startup_stm32f10x_md.o(HEAP)
    Heap_Mem                                 0x20000910   Data         512  startup_stm32f10x_md.o(HEAP)
    STACK                                    0x20000b10   Section     1024  startup_stm32f10x_md.o(STACK)
    Stack_Mem                                0x20000b10   Data        1024  startup_stm32f10x_md.o(STACK)
    __initial_sp                             0x20000f10   Data           0  startup_stm32f10x_md.o(STACK)

    Global Symbols

    Symbol Name                              Value     Ov Type        Size  Object(Section)

    BuildAttributes$$THM_ISAv4$P$D$K$B$S$PE$A:L22UL41UL21$X:L11$S22US41US21$IEEE1$IW$USESV6$~STKCKD$USESV7$~SHL$OTIME$ROPI$IEEEX$EBA8$UX$STANDARDLIB$REQ8$PRES8$EABIv2 0x00000000   Number         0  anon$$obj.o ABSOLUTE
    __ARM_use_no_argv                        0x00000000   Number         0  main.o ABSOLUTE
    __ARM_exceptions_init                     - Undefined Weak Reference
    __alloca_initialize                       - Undefined Weak Reference
    __arm_preinit_                            - Undefined Weak Reference
    __cpp_initialize__aeabi_                  - Undefined Weak Reference
    __cxa_finalize                            - Undefined Weak Reference
    __rt_locale                               - Undefined Weak Reference
    __sigvec_lookup                           - Undefined Weak Reference
    _atexit_init                              - Undefined Weak Reference
    _call_atexit_fns                          - Undefined Weak Reference
    _clock_init                               - Undefined Weak Reference
    _fp_trap_init                             - Undefined Weak Reference
    _fp_trap_shutdown                         - Undefined Weak Reference
    _get_lc_collate                           - Undefined Weak Reference
    _get_lc_ctype                             - Undefined Weak Reference
    _get_lc_monetary                          - Undefined Weak Reference
    _get_lc_numeric                           - Undefined Weak Reference
    _get_lc_time                              - Undefined Weak Reference
    _getenv_init                              - Undefined Weak Reference
    _handle_redirection                       - Undefined Weak Reference
    _init_alloc                               - Undefined Weak Reference
    _init_user_alloc                          - Undefined Weak Reference
    _initio                                   - Undefined Weak Reference
    _mutex_acquire                            - Undefined Weak Reference
    _mutex_release                            - Undefined Weak Reference
    _printf_post_padding                      - Undefined Weak Reference
    _printf_pre_padding                       - Undefined Weak Reference
    _printf_truncate_signed                   - Undefined Weak Reference
    _printf_truncate_unsigned                 - Undefined Weak Reference
    _rand_init                                - Undefined Weak Reference
    _signal_finish                            - Undefined Weak Reference
    _signal_init                              - Undefined Weak Reference
    _terminate_alloc                          - Undefined Weak Reference
    _terminate_user_alloc                     - Undefined Weak Reference
    _terminateio                              - Undefined Weak Reference
    __Vectors_Size                           0x000000ec   Number         0  startup_stm32f10x_md.o ABSOLUTE
    __Vectors                                0x08000000   Data           4  startup_stm32f10x_md.o(RESET)
    __Vectors_End                            0x080000ec   Data           0  startup_stm32f10x_md.o(RESET)
    __main                                   0x080000ed   Thumb Code     8  __main.o(!!!main)
    __scatterload                            0x080000f5   Thumb Code     0  __scatter.o(!!!scatter)
    __scatterload_rt2                        0x080000f5   Thumb Code    44  __scatter.o(!!!scatter)
    __scatterload_rt2_thumb_only             0x080000f5   Thumb Code     0  __scatter.o(!!!scatter)
    __scatterload_null                       0x08000103   Thumb Code     0  __scatter.o(!!!scatter)
    __scatterload_copy                       0x08000129   Thumb Code    26  __scatter_copy.o(!!handler_copy)
    __scatterload_zeroinit                   0x08000145   Thumb Code    28  __scatter_zi.o(!!handler_zi)
    _printf_d                                0x08000161   Thumb Code     0  _printf_d.o(.ARM.Collect$$_printf_percent$$00000009)
    _printf_percent                          0x08000161   Thumb Code     0  _printf_percent.o(.ARM.Collect$$_printf_percent$$00000000)
    _printf_percent_end                      0x08000167   Thumb Code     0  _printf_percent_end.o(.ARM.Collect$$_printf_percent$$00000017)
    __rt_lib_init                            0x0800016b   Thumb Code     0  libinit.o(.ARM.Collect$$libinit$$00000000)
    __rt_lib_init_alloca_1                   0x0800016d   Thumb Code     0  libinit2.o(.ARM.Collect$$libinit$$0000002E)
    __rt_lib_init_argv_1                     0x0800016d   Thumb Code     0  libinit2.o(.ARM.Collect$$libinit$$0000002C)
    __rt_lib_init_atexit_1                   0x0800016d   Thumb Code     0  libinit2.o(.ARM.Collect$$libinit$$0000001B)
    __rt_lib_init_clock_1                    0x0800016d   Thumb Code     0  libinit2.o(.ARM.Collect$$libinit$$00000021)
    __rt_lib_init_cpp_1                      0x0800016d   Thumb Code     0  libinit2.o(.ARM.Collect$$libinit$$00000032)
    __rt_lib_init_exceptions_1               0x0800016d   Thumb Code     0  libinit2.o(.ARM.Collect$$libinit$$00000030)
    __rt_lib_init_fp_1                       0x0800016d   Thumb Code     0  libinit2.o(.ARM.Collect$$libinit$$00000002)
    __rt_lib_init_fp_trap_1                  0x0800016d   Thumb Code     0  libinit2.o(.ARM.Collect$$libinit$$0000001F)
    __rt_lib_init_getenv_1                   0x0800016d   Thumb Code     0  libinit2.o(.ARM.Collect$$libinit$$00000023)
    __rt_lib_init_heap_1                     0x0800016d   Thumb Code     0  libinit2.o(.ARM.Collect$$libinit$$0000000A)
    __rt_lib_init_lc_collate_1               0x0800016d   Thumb Code     0  libinit2.o(.ARM.Collect$$libinit$$00000011)
    __rt_lib_init_lc_ctype_1                 0x0800016d   Thumb Code     0  libinit2.o(.ARM.Collect$$libinit$$00000013)
    __rt_lib_init_lc_monetary_1              0x0800016d   Thumb Code     0  libinit2.o(.ARM.Collect$$libinit$$00000015)
    __rt_lib_init_lc_numeric_1               0x0800016d   Thumb Code     0  libinit2.o(.ARM.Collect$$libinit$$00000017)
    __rt_lib_init_lc_time_1                  0x0800016d   Thumb Code     0  libinit2.o(.ARM.Collect$$libinit$$00000019)
    __rt_lib_init_preinit_1                  0x0800016d   Thumb Code     0  libinit2.o(.ARM.Collect$$libinit$$00000004)
    __rt_lib_init_rand_1                     0x0800016d   Thumb Code     0  libinit2.o(.ARM.Collect$$libinit$$0000000E)
    __rt_lib_init_return                     0x0800016d   Thumb Code     0  libinit2.o(.ARM.Collect$$libinit$$00000033)
    __rt_lib_init_signal_1                   0x0800016d   Thumb Code     0  libinit2.o(.ARM.Collect$$libinit$$0000001D)
    __rt_lib_init_stdio_1                    0x0800016d   Thumb Code     0  libinit2.o(.ARM.Collect$$libinit$$00000025)
    __rt_lib_init_user_alloc_1               0x0800016d   Thumb Code     0  libinit2.o(.ARM.Collect$$libinit$$0000000C)
    __rt_lib_shutdown                        0x0800016f   Thumb Code     0  libshutdown.o(.ARM.Collect$$libshutdown$$00000000)
    __rt_lib_shutdown_cpp_1                  0x08000171   Thumb Code     0  libshutdown2.o(.ARM.Collect$$libshutdown$$00000002)
    __rt_lib_shutdown_fp_trap_1              0x08000171   Thumb Code     0  libshutdown2.o(.ARM.Collect$$libshutdown$$00000007)
    __rt_lib_shutdown_heap_1                 0x08000171   Thumb Code     0  libshutdown2.o(.ARM.Collect$$libshutdown$$0000000F)
    __rt_lib_shutdown_return                 0x08000171   Thumb Code     0  libshutdown2.o(.ARM.Collect$$libshutdown$$00000010)
    __rt_lib_shutdown_signal_1               0x08000171   Thumb Code     0  libshutdown2.o(.ARM.Collect$$libshutdown$$0000000A)
    __rt_lib_shutdown_stdio_1                0x08000171   Thumb Code     0  libshutdown2.o(.ARM.Collect$$libshutdown$$00000004)
    __rt_lib_shutdown_user_alloc_1           0x08000171   Thumb Code     0  libshutdown2.o(.ARM.Collect$$libshutdown$$0000000C)
    __rt_entry                               0x08000173   Thumb Code     0  __rtentry.o(.ARM.Collect$$rtentry$$00000000)
    __rt_entry_presh_1                       0x08000173   Thumb Code     0  __rtentry2.o(.ARM.Collect$$rtentry$$00000002)
    __rt_entry_sh                            0x08000173   Thumb Code     0  __rtentry4.o(.ARM.Collect$$rtentry$$00000004)
    __rt_entry_li                            0x08000179   Thumb Code     0  __rtentry2.o(.ARM.Collect$$rtentry$$0000000A)
    __rt_entry_postsh_1                      0x08000179   Thumb Code     0  __rtentry2.o(.ARM.Collect$$rtentry$$00000009)
    __rt_entry_main                          0x0800017d   Thumb Code     0  __rtentry2.o(.ARM.Collect$$rtentry$$0000000D)
    __rt_entry_postli_1                      0x0800017d   Thumb Code     0  __rtentry2.o(.ARM.Collect$$rtentry$$0000000C)
    __rt_exit                                0x08000185   Thumb Code     0  rtexit.o(.ARM.Collect$$rtexit$$00000000)
    __rt_exit_ls                             0x08000187   Thumb Code     0  rtexit2.o(.ARM.Collect$$rtexit$$00000003)
    __rt_exit_prels_1                        0x08000187   Thumb Code     0  rtexit2.o(.ARM.Collect$$rtexit$$00000002)
    __rt_exit_exit                           0x0800018b   Thumb Code     0  rtexit2.o(.ARM.Collect$$rtexit$$00000004)
    Reset_Handler                            0x08000191   Thumb Code     8  startup_stm32f10x_md.o(.text)
    ADC1_2_IRQHandler                        0x080001ab   Thumb Code     0  startup_stm32f10x_md.o(.text)
    CAN1_RX1_IRQHandler                      0x080001ab   Thumb Code     0  startup_stm32f10x_md.o(.text)
    CAN1_SCE_IRQHandler                      0x080001ab   Thumb Code     0  startup_stm32f10x_md.o(.text)
    DMA1_Channel1_IRQHandler                 0x080001ab   Thumb Code     0  startup_stm32f10x_md.o(.text)
    DMA1_Channel2_IRQHandler                 0x080001ab   Thumb Code     0  startup_stm32f10x_md.o(.text)
    DMA1_Channel3_IRQHandler                 0x080001ab   Thumb Code     0  startup_stm32f10x_md.o(.text)
    DMA1_Channel4_IRQHandler                 0x080001ab   Thumb Code     0  startup_stm32f10x_md.o(.text)
    DMA1_Channel5_IRQHandler                 0x080001ab   Thumb Code     0  startup_stm32f10x_md.o(.text)
    DMA1_Channel6_IRQHandler                 0x080001ab   Thumb Code     0  startup_stm32f10x_md.o(.text)
    DMA1_Channel7_IRQHandler                 0x080001ab   Thumb Code     0  startup_stm32f10x_md.o(.text)
    EXTI0_IRQHandler                         0x080001ab   Thumb Code     0  startup_stm32f10x_md.o(.text)
    EXTI15_10_IRQHandler                     0x080001ab   Thumb Code     0  startup_stm32f10x_md.o(.text)
    EXTI1_IRQHandler                         0x080001ab   Thumb Code     0  startup_stm32f10x_md.o(.text)
    EXTI2_IRQHandler                         0x080001ab   Thumb Code     0  startup_stm32f10x_md.o(.text)
    EXTI3_IRQHandler                         0x080001ab   Thumb Code     0  startup_stm32f10x_md.o(.text)
    EXTI4_IRQHandler                         0x080001ab   Thumb Code     0  startup_stm32f10x_md.o(.text)
    EXTI9_5_IRQHandler                       0x080001ab   Thumb Code     0  startup_stm32f10x_md.o(.text)
    FLASH_IRQHandler                         0x080001ab   Thumb Code     0  startup_stm32f10x_md.o(.text)
    I2C1_ER_IRQHandler                       0x080001ab   Thumb Code     0  startup_stm32f10x_md.o(.text)
    I2C1_EV_IRQHandler                       0x080001ab   Thumb Code     0  startup_stm32f10x_md.o(.text)
    I2C2_ER_IRQHandler                       0x080001ab   Thumb Code     0  startup_stm32f10x_md.o(.text)
    I2C2_EV_IRQHandler                       0x080001ab   Thumb Code     0  startup_stm32f10x_md.o(.text)
    PVD_IRQHandler                           0x080001ab   Thumb Code     0  startup_stm32f10x_md.o(.text)
    RCC_IRQHandler                           0x080001ab   Thumb Code     0  startup_stm32f10x_md.o(.text)
    RTCAlarm_IRQHandler                      0x080001ab   Thumb Code     0  startup_stm32f10x_md.o(.text)
    RTC_IRQHandler                           0x080001ab   Thumb Code     0  startup_stm32f10x_md.o(.text)
    SPI1_IRQHandler                          0x080001ab   Thumb Code     0  startup_stm32f10x_md.o(.text)
    SPI2_IRQHandler                          0x080001ab   Thumb Code     0  startup_stm32f10x_md.o(.text)
    TAMPER_IRQHandler                        0x080001ab   Thumb Code     0  startup_stm32f10x_md.o(.text)
    TIM1_BRK_IRQHandler                      0x080001ab   Thumb Code     0  startup_stm32f10x_md.o(.text)
    TIM1_CC_IRQHandler                       0x080001ab   Thumb Code     0  startup_stm32f10x_md.o(.text)
    TIM1_TRG_COM_IRQHandler                  0x080001ab   Thumb Code     0  startup_stm32f10x_md.o(.text)
    TIM1_UP_IRQHandler                       0x080001ab   Thumb Code     0  startup_stm32f10x_md.o(.text)
    TIM2_IRQHandler                          0x080001ab   Thumb Code     0  startup_stm32f10x_md.o(.text)
    TIM3_IRQHandler                          0x080001ab   Thumb Code     0  startup_stm32f10x_md.o(.text)
    USART2_IRQHandler                        0x080001ab   Thumb Code     0  startup_stm32f10x_md.o(.text)
    USART3_IRQHandler                        0x080001ab   Thumb Code     0  startup_stm32f10x_md.o(.text)
    USBWakeUp_IRQHandler                     0x080001ab   Thumb Code     0  startup_stm32f10x_md.o(.text)
    USB_HP_CAN1_TX_IRQHandler                0x080001ab   Thumb Code     0  startup_stm32f10x_md.o(.text)
    USB_LP_CAN1_RX0_IRQHandler               0x080001ab   Thumb Code     0  startup_stm32f10x_md.o(.text)
    WWDG_IRQHandler                          0x080001ab   Thumb Code     0  startup_stm32f10x_md.o(.text)
    __user_initial_stackheap                 0x080001ad   Thumb Code     0  startup_stm32f10x_md.o(.text)
    __use_no_semihosting                     0x080001d1   Thumb Code     2  use_no_semi_2.o(.text)
    __2printf                                0x080001d5   Thumb Code    20  noretval__2printf.o(.text)
    __printf                                 0x080001ed   Thumb Code   104  __printf.o(.text)
    _printf_int_dec                          0x08000255   Thumb Code   104  _printf_dec.o(.text)
    __use_two_region_memory                  0x080002cd   Thumb Code     2  heapauxi.o(.text)
    __rt_heap_escrow$2region                 0x080002cf   Thumb Code     2  heapauxi.o(.text)
    __rt_heap_expand$2region                 0x080002d1   Thumb Code     2  heapauxi.o(.text)
    __I$use$semihosting                      0x080002d3   Thumb Code     0  use_no_semi.o(.text)
    __use_no_semihosting_swi                 0x080002d3   Thumb Code     2  use_no_semi.o(.text)
    _printf_int_common                       0x080002d5   Thumb Code   178  _printf_intcommon.o(.text)
    _printf_char_file                        0x08000389   Thumb Code    32  _printf_char_file.o(.text)
    _printf_char_common                      0x080003b7   Thumb Code    32  _printf_char_common.o(.text)
    ferror                                   0x080003dd   Thumb Code     8  ferror.o(.text)
    __user_libspace                          0x080003e5   Thumb Code     8  libspace.o(.text)
    __user_perproc_libspace                  0x080003e5   Thumb Code     0  libspace.o(.text)
    __user_perthread_libspace                0x080003e5   Thumb Code     0  libspace.o(.text)
    __user_setup_stackheap                   0x080003ed   Thumb Code    74  sys_stackheap_outer.o(.text)
    exit                                     0x08000437   Thumb Code    18  exit.o(.text)
    BusFault_Handler                         0x08000449   Thumb Code     4  stm32f10x_it.o(i.BusFault_Handler)
    DebugMon_Handler                         0x0800044d   Thumb Code     2  stm32f10x_it.o(i.DebugMon_Handler)
    FLASH_ErasePage                          0x08000451   Thumb Code    72  stm32f10x_flash.o(i.FLASH_ErasePage)
    FLASH_GetBank1Status                     0x0800049d   Thumb Code    48  stm32f10x_flash.o(i.FLASH_GetBank1Status)
    FLASH_Lock                               0x080004d1   Thumb Code    14  stm32f10x_flash.o(i.FLASH_Lock)
    FLASH_ProgramHalfWord                    0x080004e5   Thumb Code    60  stm32f10x_flash.o(i.FLASH_ProgramHalfWord)
    FLASH_Unlock                             0x08000525   Thumb Code    12  stm32f10x_flash.o(i.FLASH_Unlock)
    FLASH_WaitForLastOperation               0x0800053d   Thumb Code    38  stm32f10x_flash.o(i.FLASH_WaitForLastOperation)
    GPIO_Init                                0x08000563   Thumb Code   278  stm32f10x_gpio.o(i.GPIO_Init)
    GPIO_ResetBits                           0x08000679   Thumb Code     4  stm32f10x_gpio.o(i.GPIO_ResetBits)
    GPIO_SetBits                             0x0800067d   Thumb Code     4  stm32f10x_gpio.o(i.GPIO_SetBits)
    HardFault_Handler                        0x08000681   Thumb Code     4  stm32f10x_it.o(i.HardFault_Handler)
    Hardware_Init                            0x08000685   Thumb Code    52  main.o(i.Hardware_Init)
    LoadParamsFromEEPROM                     0x080006b9   Thumb Code    42  stm32f10x_driver_eeprom.o(i.LoadParamsFromEEPROM)
    MemManage_Handler                        0x080006e9   Thumb Code     4  stm32f10x_it.o(i.MemManage_Handler)
    NMI_Handler                              0x080006ed   Thumb Code     2  stm32f10x_it.o(i.NMI_Handler)
    NRF24L01_Check                           0x080006f1   Thumb Code    80  stm32f10x_system_nrf24l01.o(i.NRF24L01_Check)
    NRF24L01_INIT                            0x08000779   Thumb Code    16  stm32f10x_system_nrf24l01.o(i.NRF24L01_INIT)
    NRF_Irq                                  0x08000789   Thumb Code    42  stm32f10x_system_nrf24l01.o(i.NRF_Irq)
    NRF_Matching                             0x080007b9   Thumb Code   248  stm32f10x_system_nrf24l01.o(i.NRF_Matching)
    NRF_Read_Buf                             0x080008d5   Thumb Code    60  stm32f10x_system_nrf24l01.o(i.NRF_Read_Buf)
    NRF_Read_Reg                             0x08000915   Thumb Code    38  stm32f10x_system_nrf24l01.o(i.NRF_Read_Reg)
    NRF_Write_Buf                            0x08000941   Thumb Code    58  stm32f10x_system_nrf24l01.o(i.NRF_Write_Buf)
    NRF_Write_Reg                            0x08000981   Thumb Code    40  stm32f10x_system_nrf24l01.o(i.NRF_Write_Reg)
    NVIC_Init                                0x080009ad   Thumb Code   100  misc.o(i.NVIC_Init)
    NVIC_PriorityGroupConfig                 0x08000a1d   Thumb Code    10  misc.o(i.NVIC_PriorityGroupConfig)
    PWM_Init                                 0x08000a31   Thumb Code   214  stm32f10x_driver_pwm.o(i.PWM_Init)
    PWM_MotorFlash                           0x08000b15   Thumb Code   120  stm32f10x_driver_pwm.o(i.PWM_MotorFlash)
    ParamSetDefault                          0x08000b8d   Thumb Code   162  stm32f10x_driver_eeprom.o(i.ParamSetDefault)
    ParamToTable                             0x08000c89   Thumb Code   212  stm32f10x_driver_eeprom.o(i.ParamToTable)
    PendSV_Handler                           0x08000d8d   Thumb Code     2  stm32f10x_it.o(i.PendSV_Handler)
    ProcessDataFromNRF                       0x08000d91   Thumb Code   368  stm32f10x_system_rpdata.o(i.ProcessDataFromNRF)
    RCC_APB1PeriphClockCmd                   0x08000f4d   Thumb Code    26  stm32f10x_rcc.o(i.RCC_APB1PeriphClockCmd)
    RCC_APB1PeriphResetCmd                   0x08000f6d   Thumb Code    26  stm32f10x_rcc.o(i.RCC_APB1PeriphResetCmd)
    RCC_APB2PeriphClockCmd                   0x08000f8d   Thumb Code    26  stm32f10x_rcc.o(i.RCC_APB2PeriphClockCmd)
    RCC_APB2PeriphResetCmd                   0x08000fad   Thumb Code    26  stm32f10x_rcc.o(i.RCC_APB2PeriphResetCmd)
    RCC_GetClocksFreq                        0x08000fcd   Thumb Code   192  stm32f10x_rcc.o(i.RCC_GetClocksFreq)
    ReceiveDataFromNRF                       0x080010a1   Thumb Code   134  stm32f10x_system_rpdata.o(i.ReceiveDataFromNRF)
    SPI_Cmd                                  0x08001135   Thumb Code    24  stm32f10x_spi.o(i.SPI_Cmd)
    SPI_I2S_GetFlagStatus                    0x0800114d   Thumb Code    18  stm32f10x_spi.o(i.SPI_I2S_GetFlagStatus)
    SPI_I2S_ReceiveData                      0x0800115f   Thumb Code     6  stm32f10x_spi.o(i.SPI_I2S_ReceiveData)
    SPI_I2S_SendData                         0x08001165   Thumb Code     4  stm32f10x_spi.o(i.SPI_I2S_SendData)
    SPI_INIT                                 0x08001169   Thumb Code   188  stm32f10x_driver_spi.o(i.SPI_INIT)
    SPI_Init                                 0x0800122d   Thumb Code    60  stm32f10x_spi.o(i.SPI_Init)
    SPI_RW                                   0x08001269   Thumb Code    50  stm32f10x_driver_spi.o(i.SPI_RW)
    STMFLASH_Read                            0x080012a1   Thumb Code    34  stm32f10x_driver_flash.o(i.STMFLASH_Read)
    STMFLASH_ReadHalfWord                    0x080012c3   Thumb Code     6  stm32f10x_driver_flash.o(i.STMFLASH_ReadHalfWord)
    STMFLASH_Write                           0x080012c9   Thumb Code   222  stm32f10x_driver_flash.o(i.STMFLASH_Write)
    STMFLASH_Write_NoCheck                   0x080013b1   Thumb Code    38  stm32f10x_driver_flash.o(i.STMFLASH_Write_NoCheck)
    SVC_Handler                              0x080013d7   Thumb Code     2  stm32f10x_it.o(i.SVC_Handler)
    SaveParamsToEEPROM                       0x080013d9   Thumb Code    12  stm32f10x_driver_eeprom.o(i.SaveParamsToEEPROM)
    SetRX_Mode                               0x080013e5   Thumb Code    90  stm32f10x_system_nrf24l01.o(i.SetRX_Mode)
    SysTick_CLKSourceConfig                  0x08001531   Thumb Code    40  misc.o(i.SysTick_CLKSourceConfig)
    SysTick_Handler                          0x08001559   Thumb Code    12  stm32f10x_it.o(i.SysTick_Handler)
    SystemInit                               0x08001569   Thumb Code    78  system_stm32f10x.o(i.SystemInit)
    TIM4_IRQHandler                          0x080015c9   Thumb Code    52  stm32f10x_driver_tim.o(i.TIM4_IRQHandler)
    TIM4_Init                                0x0800160d   Thumb Code    92  stm32f10x_driver_tim.o(i.TIM4_Init)
    TIM_ClearITPendingBit                    0x0800166d   Thumb Code     6  stm32f10x_tim.o(i.TIM_ClearITPendingBit)
    TIM_Cmd                                  0x08001673   Thumb Code    24  stm32f10x_tim.o(i.TIM_Cmd)
    TIM_DeInit                               0x0800168d   Thumb Code   424  stm32f10x_tim.o(i.TIM_DeInit)
    TIM_GetITStatus                          0x08001875   Thumb Code    34  stm32f10x_tim.o(i.TIM_GetITStatus)
    TIM_ITConfig                             0x08001897   Thumb Code    18  stm32f10x_tim.o(i.TIM_ITConfig)
    TIM_OC1Init                              0x080018a9   Thumb Code   132  stm32f10x_tim.o(i.TIM_OC1Init)
    TIM_OC1PreloadConfig                     0x08001941   Thumb Code    18  stm32f10x_tim.o(i.TIM_OC1PreloadConfig)
    TIM_OC2Init                              0x08001955   Thumb Code   154  stm32f10x_tim.o(i.TIM_OC2Init)
    TIM_OC2PreloadConfig                     0x080019f9   Thumb Code    26  stm32f10x_tim.o(i.TIM_OC2PreloadConfig)
    TIM_OC3Init                              0x08001a15   Thumb Code   150  stm32f10x_tim.o(i.TIM_OC3Init)
    TIM_OC3PreloadConfig                     0x08001ab5   Thumb Code    18  stm32f10x_tim.o(i.TIM_OC3PreloadConfig)
    TIM_OC4Init                              0x08001ac9   Thumb Code   114  stm32f10x_tim.o(i.TIM_OC4Init)
    TIM_OC4PreloadConfig                     0x08001b45   Thumb Code    26  stm32f10x_tim.o(i.TIM_OC4PreloadConfig)
    TIM_OCStructInit                         0x08001b5f   Thumb Code    20  stm32f10x_tim.o(i.TIM_OCStructInit)
    TIM_SetCompare1                          0x08001b73   Thumb Code     4  stm32f10x_tim.o(i.TIM_SetCompare1)
    TIM_SetCompare2                          0x08001b77   Thumb Code     4  stm32f10x_tim.o(i.TIM_SetCompare2)
    TIM_SetCompare3                          0x08001b7b   Thumb Code     4  stm32f10x_tim.o(i.TIM_SetCompare3)
    TIM_SetCompare4                          0x08001b7f   Thumb Code     6  stm32f10x_tim.o(i.TIM_SetCompare4)
    TIM_TimeBaseInit                         0x08001b85   Thumb Code   122  stm32f10x_tim.o(i.TIM_TimeBaseInit)
    TableReadEEPROM                          0x08001c29   Thumb Code    16  stm32f10x_driver_eeprom.o(i.TableReadEEPROM)
    TableToParam                             0x08001c41   Thumb Code   198  stm32f10x_driver_eeprom.o(i.TableToParam)
    TableWriteEEPROM                         0x08001d39   Thumb Code    16  stm32f10x_driver_eeprom.o(i.TableWriteEEPROM)
    USART1_IRQHandler                        0x08001d51   Thumb Code   122  stm32f10x_driver_usart.o(i.USART1_IRQHandler)
    USART_Cmd                                0x08001dd9   Thumb Code    24  stm32f10x_usart.o(i.USART_Cmd)
    USART_DeInit                             0x08001df1   Thumb Code   134  stm32f10x_usart.o(i.USART_DeInit)
    USART_GetITStatus                        0x08001e8d   Thumb Code    84  stm32f10x_usart.o(i.USART_GetITStatus)
    USART_ITConfig                           0x08001ee1   Thumb Code    74  stm32f10x_usart.o(i.USART_ITConfig)
    USART_Init                               0x08001f2d   Thumb Code   210  stm32f10x_usart.o(i.USART_Init)
    USART_ReceiveData                        0x08002005   Thumb Code    10  stm32f10x_usart.o(i.USART_ReceiveData)
    UsageFault_Handler                       0x0800200f   Thumb Code     4  stm32f10x_it.o(i.UsageFault_Handler)
    _sys_exit                                0x08002013   Thumb Code     6  stm32f10x_driver_usart.o(i._sys_exit)
    dbScaleLinear                            0x08002019   Thumb Code    96  stm32f10x_system_rpdata.o(i.dbScaleLinear)
    delay_init                               0x08002079   Thumb Code    50  stm32f10x_driver_delay.o(i.delay_init)
    delay_ms                                 0x080020bd   Thumb Code    72  stm32f10x_driver_delay.o(i.delay_ms)
    fputc                                    0x08002109   Thumb Code    24  stm32f10x_driver_usart.o(i.fputc)
    led_init                                 0x08002151   Thumb Code   100  stm32f10x_system_led.o(i.led_init)
    main                                     0x080021c1   Thumb Code    16  main.o(i.main)
    micros                                   0x080021d1   Thumb Code    58  stm32f10x_it.o(i.micros)
    usart_init                               0x08002215   Thumb Code   158  stm32f10x_driver_usart.o(i.usart_init)
    __aeabi_d2f                              0x080022bd   Thumb Code     0  d2f.o(x$fpl$d2f)
    _d2f                                     0x080022bd   Thumb Code    98  d2f.o(x$fpl$d2f)
    __aeabi_dmul                             0x08002321   Thumb Code     0  dmul.o(x$fpl$dmul)
    _dmul                                    0x08002321   Thumb Code   332  dmul.o(x$fpl$dmul)
    __fpl_dnaninf                            0x08002475   Thumb Code   156  dnaninf.o(x$fpl$dnaninf)
    __fpl_dretinf                            0x08002511   Thumb Code    12  dretinf.o(x$fpl$dretinf)
    __aeabi_f2d                              0x0800251d   Thumb Code     0  f2d.o(x$fpl$f2d)
    _f2d                                     0x0800251d   Thumb Code    86  f2d.o(x$fpl$f2d)
    __aeabi_fadd                             0x08002575   Thumb Code     0  faddsub_clz.o(x$fpl$fadd)
    _fadd                                    0x08002575   Thumb Code   196  faddsub_clz.o(x$fpl$fadd)
    __fpl_fcmp_Inf                           0x08002639   Thumb Code    24  fcmpi.o(x$fpl$fcmpinf)
    __aeabi_fdiv                             0x08002651   Thumb Code     0  fdiv.o(x$fpl$fdiv)
    _fdiv                                    0x08002651   Thumb Code   384  fdiv.o(x$fpl$fdiv)
    __aeabi_cfcmpeq                          0x080027d5   Thumb Code     0  feqf.o(x$fpl$feqf)
    _fcmpeq                                  0x080027d5   Thumb Code   104  feqf.o(x$fpl$feqf)
    __aeabi_f2iz                             0x0800283d   Thumb Code     0  ffix.o(x$fpl$ffix)
    _ffix                                    0x0800283d   Thumb Code    54  ffix.o(x$fpl$ffix)
    __aeabi_f2uiz                            0x08002875   Thumb Code     0  ffixu.o(x$fpl$ffixu)
    _ffixu                                   0x08002875   Thumb Code    62  ffixu.o(x$fpl$ffixu)
    __aeabi_i2f                              0x080028b5   Thumb Code     0  fflt_clz.o(x$fpl$fflt)
    _fflt                                    0x080028b5   Thumb Code    48  fflt_clz.o(x$fpl$fflt)
    __aeabi_ui2f                             0x080028e5   Thumb Code     0  fflt_clz.o(x$fpl$ffltu)
    _ffltu                                   0x080028e5   Thumb Code    38  fflt_clz.o(x$fpl$ffltu)
    __aeabi_cfcmple                          0x0800290d   Thumb Code     0  fleqf.o(x$fpl$fleqf)
    _fcmple                                  0x0800290d   Thumb Code   104  fleqf.o(x$fpl$fleqf)
    __fpl_fcmple_InfNaN                      0x0800295f   Thumb Code     0  fleqf.o(x$fpl$fleqf)
    __fpl_fnaninf                            0x08002975   Thumb Code   140  fnaninf.o(x$fpl$fnaninf)
    __fpl_fretinf                            0x08002a01   Thumb Code    10  fretinf.o(x$fpl$fretinf)
    __aeabi_cfrcmple                         0x08002a0b   Thumb Code     0  frleqf.o(x$fpl$frleqf)
    _frcmple                                 0x08002a0b   Thumb Code    98  frleqf.o(x$fpl$frleqf)
    __aeabi_fsub                             0x08002a6d   Thumb Code     0  faddsub_clz.o(x$fpl$fsub)
    _fsub                                    0x08002a6d   Thumb Code   234  faddsub_clz.o(x$fpl$fsub)
    __I$use$fp                               0x08002b56   Number         0  usenofp.o(x$fpl$usenofp)
    Region$$Table$$Base                      0x08002b58   Number         0  anon$$obj.o(Region$$Table)
    Region$$Table$$Limit                     0x08002b78   Number         0  anon$$obj.o(Region$$Table)
    SystemCoreClock                          0x20000000   Data           4  system_stm32f10x.o(.data)
    AHBPrescTable                            0x20000004   Data          16  system_stm32f10x.o(.data)
    sysTickUptime                            0x2000002c   Data           4  stm32f10x_it.o(.data)
    loop20HZCnt                              0x20000030   Data           1  stm32f10x_driver_tim.o(.data)
    loop50HZCnt                              0x20000031   Data           1  stm32f10x_driver_tim.o(.data)
    loop100HZCnt                             0x20000032   Data           1  stm32f10x_driver_tim.o(.data)
    __stdout                                 0x20000034   Data           4  stm32f10x_driver_usart.o(.data)
    USART_RX_STA                             0x20000038   Data           2  stm32f10x_driver_usart.o(.data)
    FLY_ENABLE                               0x2000003e   Data           1  stm32f10x_system_rpdata.o(.data)
    appCmdFlag                               0x2000003f   Data           1  stm32f10x_system_rpdata.o(.data)
    flyLogApp                                0x20000040   Data           1  stm32f10x_system_rpdata.o(.data)
    armState                                 0x20000041   Data           1  stm32f10x_system_rpdata.o(.data)
    rcData                                   0x20000042   Data           8  stm32f10x_system_rpdata.o(.data)
    RX_ADDRESS                               0x2000004c   Data           5  stm32f10x_system_nrf24l01.o(.data)
    NRFMatched                               0x20000052   Data           1  stm32f10x_system_nrf24l01.o(.data)
    STMFLASH_BUF                             0x20000060   Data        1024  stm32f10x_driver_flash.o(.bss)
    USART_RX_BUF                             0x20000460   Data         200  stm32f10x_driver_usart.o(.bss)
    table                                    0x20000528   Data         164  stm32f10x_driver_eeprom.o(.bss)
    NRF_Data                                 0x200005cc   Data          16  stm32f10x_system_rpdata.o(.bss)
    NRF24L01_RXDATA                          0x200005dc   Data          32  stm32f10x_system_nrf24l01.o(.bss)
    NRF24L01_TXDATA                          0x200005fc   Data          32  stm32f10x_system_nrf24l01.o(.bss)
    imu                                      0x2000061c   Data         192  stm32f10x_algorithm_imu.o(.bss)
    pitch_rate_PID                           0x2000070c   Data          48  stm32f10x_algorithm_control.o(.bss)
    pitch_angle_PID                          0x2000073c   Data          48  stm32f10x_algorithm_control.o(.bss)
    yaw_rate_PID                             0x2000076c   Data          48  stm32f10x_algorithm_control.o(.bss)
    yaw_angle_PID                            0x2000079c   Data          48  stm32f10x_algorithm_control.o(.bss)
    roll_rate_PID                            0x200007cc   Data          48  stm32f10x_algorithm_control.o(.bss)
    roll_angle_PID                           0x200007fc   Data          48  stm32f10x_algorithm_control.o(.bss)
    alt_PID                                  0x2000082c   Data          48  stm32f10x_algorithm_control.o(.bss)
    alt_vel_PID                              0x2000085c   Data          48  stm32f10x_algorithm_control.o(.bss)
    DIF_ACC                                  0x2000088c   Data          12  stm32f10x_algorithm_control.o(.bss)
    EXP_ANGLE                                0x20000898   Data          12  stm32f10x_algorithm_control.o(.bss)
    DIF_ANGLE                                0x200008a4   Data          12  stm32f10x_algorithm_control.o(.bss)
    __libspace_start                         0x200008b0   Data          96  libspace.o(.bss)
    __temporary_stack_top$libspace           0x20000910   Data           0  libspace.o(.bss)



==============================================================================

Memory Map of the image

  Image Entry point : 0x080000ed

  Load Region LR_IROM1 (Base: 0x08000000, Size: 0x00002bd8, Max: 0x00010000, ABSOLUTE)

    Execution Region ER_IROM1 (Base: 0x08000000, Size: 0x00002b78, Max: 0x00010000, ABSOLUTE)

    Base Addr    Size         Type   Attr      Idx    E Section Name        Object

    0x08000000   0x000000ec   Data   RO            3    RESET               startup_stm32f10x_md.o
    0x080000ec   0x00000008   Code   RO         4548  * !!!main             c_w.l(__main.o)
    0x080000f4   0x00000034   Code   RO         4948    !!!scatter          c_w.l(__scatter.o)
    0x08000128   0x0000001a   Code   RO         4950    !!handler_copy      c_w.l(__scatter_copy.o)
    0x08000142   0x00000002   PAD
    0x08000144   0x0000001c   Code   RO         4952    !!handler_zi        c_w.l(__scatter_zi.o)
    0x08000160   0x00000000   Code   RO         4543    .ARM.Collect$$_printf_percent$$00000000  c_w.l(_printf_percent.o)
    0x08000160   0x00000006   Code   RO         4542    .ARM.Collect$$_printf_percent$$00000009  c_w.l(_printf_d.o)
    0x08000166   0x00000004   Code   RO         4695    .ARM.Collect$$_printf_percent$$00000017  c_w.l(_printf_percent_end.o)
    0x0800016a   0x00000002   Code   RO         4817    .ARM.Collect$$libinit$$00000000  c_w.l(libinit.o)
    0x0800016c   0x00000000   Code   RO         4827    .ARM.Collect$$libinit$$00000002  c_w.l(libinit2.o)
    0x0800016c   0x00000000   Code   RO         4829    .ARM.Collect$$libinit$$00000004  c_w.l(libinit2.o)
    0x0800016c   0x00000000   Code   RO         4832    .ARM.Collect$$libinit$$0000000A  c_w.l(libinit2.o)
    0x0800016c   0x00000000   Code   RO         4834    .ARM.Collect$$libinit$$0000000C  c_w.l(libinit2.o)
    0x0800016c   0x00000000   Code   RO         4836    .ARM.Collect$$libinit$$0000000E  c_w.l(libinit2.o)
    0x0800016c   0x00000000   Code   RO         4839    .ARM.Collect$$libinit$$00000011  c_w.l(libinit2.o)
    0x0800016c   0x00000000   Code   RO         4841    .ARM.Collect$$libinit$$00000013  c_w.l(libinit2.o)
    0x0800016c   0x00000000   Code   RO         4843    .ARM.Collect$$libinit$$00000015  c_w.l(libinit2.o)
    0x0800016c   0x00000000   Code   RO         4845    .ARM.Collect$$libinit$$00000017  c_w.l(libinit2.o)
    0x0800016c   0x00000000   Code   RO         4847    .ARM.Collect$$libinit$$00000019  c_w.l(libinit2.o)
    0x0800016c   0x00000000   Code   RO         4849    .ARM.Collect$$libinit$$0000001B  c_w.l(libinit2.o)
    0x0800016c   0x00000000   Code   RO         4851    .ARM.Collect$$libinit$$0000001D  c_w.l(libinit2.o)
    0x0800016c   0x00000000   Code   RO         4853    .ARM.Collect$$libinit$$0000001F  c_w.l(libinit2.o)
    0x0800016c   0x00000000   Code   RO         4855    .ARM.Collect$$libinit$$00000021  c_w.l(libinit2.o)
    0x0800016c   0x00000000   Code   RO         4857    .ARM.Collect$$libinit$$00000023  c_w.l(libinit2.o)
    0x0800016c   0x00000000   Code   RO         4859    .ARM.Collect$$libinit$$00000025  c_w.l(libinit2.o)
    0x0800016c   0x00000000   Code   RO         4863    .ARM.Collect$$libinit$$0000002C  c_w.l(libinit2.o)
    0x0800016c   0x00000000   Code   RO         4865    .ARM.Collect$$libinit$$0000002E  c_w.l(libinit2.o)
    0x0800016c   0x00000000   Code   RO         4867    .ARM.Collect$$libinit$$00000030  c_w.l(libinit2.o)
    0x0800016c   0x00000000   Code   RO         4869    .ARM.Collect$$libinit$$00000032  c_w.l(libinit2.o)
    0x0800016c   0x00000002   Code   RO         4870    .ARM.Collect$$libinit$$00000033  c_w.l(libinit2.o)
    0x0800016e   0x00000002   Code   RO         4900    .ARM.Collect$$libshutdown$$00000000  c_w.l(libshutdown.o)
    0x08000170   0x00000000   Code   RO         4914    .ARM.Collect$$libshutdown$$00000002  c_w.l(libshutdown2.o)
    0x08000170   0x00000000   Code   RO         4916    .ARM.Collect$$libshutdown$$00000004  c_w.l(libshutdown2.o)
    0x08000170   0x00000000   Code   RO         4919    .ARM.Collect$$libshutdown$$00000007  c_w.l(libshutdown2.o)
    0x08000170   0x00000000   Code   RO         4922    .ARM.Collect$$libshutdown$$0000000A  c_w.l(libshutdown2.o)
    0x08000170   0x00000000   Code   RO         4924    .ARM.Collect$$libshutdown$$0000000C  c_w.l(libshutdown2.o)
    0x08000170   0x00000000   Code   RO         4927    .ARM.Collect$$libshutdown$$0000000F  c_w.l(libshutdown2.o)
    0x08000170   0x00000002   Code   RO         4928    .ARM.Collect$$libshutdown$$00000010  c_w.l(libshutdown2.o)
    0x08000172   0x00000000   Code   RO         4686    .ARM.Collect$$rtentry$$00000000  c_w.l(__rtentry.o)
    0x08000172   0x00000000   Code   RO         4768    .ARM.Collect$$rtentry$$00000002  c_w.l(__rtentry2.o)
    0x08000172   0x00000006   Code   RO         4780    .ARM.Collect$$rtentry$$00000004  c_w.l(__rtentry4.o)
    0x08000178   0x00000000   Code   RO         4770    .ARM.Collect$$rtentry$$00000009  c_w.l(__rtentry2.o)
    0x08000178   0x00000004   Code   RO         4771    .ARM.Collect$$rtentry$$0000000A  c_w.l(__rtentry2.o)
    0x0800017c   0x00000000   Code   RO         4773    .ARM.Collect$$rtentry$$0000000C  c_w.l(__rtentry2.o)
    0x0800017c   0x00000008   Code   RO         4774    .ARM.Collect$$rtentry$$0000000D  c_w.l(__rtentry2.o)
    0x08000184   0x00000002   Code   RO         4820    .ARM.Collect$$rtexit$$00000000  c_w.l(rtexit.o)
    0x08000186   0x00000000   Code   RO         4874    .ARM.Collect$$rtexit$$00000002  c_w.l(rtexit2.o)
    0x08000186   0x00000004   Code   RO         4875    .ARM.Collect$$rtexit$$00000003  c_w.l(rtexit2.o)
    0x0800018a   0x00000006   Code   RO         4876    .ARM.Collect$$rtexit$$00000004  c_w.l(rtexit2.o)
    0x08000190   0x00000040   Code   RO            4    .text               startup_stm32f10x_md.o
    0x080001d0   0x00000002   Code   RO         4510    .text               c_w.l(use_no_semi_2.o)
    0x080001d2   0x00000002   PAD
    0x080001d4   0x00000018   Code   RO         4516    .text               c_w.l(noretval__2printf.o)
    0x080001ec   0x00000068   Code   RO         4518    .text               c_w.l(__printf.o)
    0x08000254   0x00000078   Code   RO         4520    .text               c_w.l(_printf_dec.o)
    0x080002cc   0x00000006   Code   RO         4546    .text               c_w.l(heapauxi.o)
    0x080002d2   0x00000002   Code   RO         4684    .text               c_w.l(use_no_semi.o)
    0x080002d4   0x000000b2   Code   RO         4691    .text               c_w.l(_printf_intcommon.o)
    0x08000386   0x00000002   PAD
    0x08000388   0x00000024   Code   RO         4693    .text               c_w.l(_printf_char_file.o)
    0x080003ac   0x00000030   Code   RO         4791    .text               c_w.l(_printf_char_common.o)
    0x080003dc   0x00000008   Code   RO         4793    .text               c_w.l(ferror.o)
    0x080003e4   0x00000008   Code   RO         4801    .text               c_w.l(libspace.o)
    0x080003ec   0x0000004a   Code   RO         4804    .text               c_w.l(sys_stackheap_outer.o)
    0x08000436   0x00000012   Code   RO         4810    .text               c_w.l(exit.o)
    0x08000448   0x00000004   Code   RO         3158    i.BusFault_Handler  stm32f10x_it.o
    0x0800044c   0x00000002   Code   RO         3159    i.DebugMon_Handler  stm32f10x_it.o
    0x0800044e   0x00000002   PAD
    0x08000450   0x0000004c   Code   RO          997    i.FLASH_ErasePage   stm32f10x_flash.o
    0x0800049c   0x00000034   Code   RO          998    i.FLASH_GetBank1Status  stm32f10x_flash.o
    0x080004d0   0x00000014   Code   RO         1007    i.FLASH_Lock        stm32f10x_flash.o
    0x080004e4   0x00000040   Code   RO         1010    i.FLASH_ProgramHalfWord  stm32f10x_flash.o
    0x08000524   0x00000018   Code   RO         1015    i.FLASH_Unlock      stm32f10x_flash.o
    0x0800053c   0x00000026   Code   RO         1019    i.FLASH_WaitForLastOperation  stm32f10x_flash.o
    0x08000562   0x00000116   Code   RO         1292    i.GPIO_Init         stm32f10x_gpio.o
    0x08000678   0x00000004   Code   RO         1299    i.GPIO_ResetBits    stm32f10x_gpio.o
    0x0800067c   0x00000004   Code   RO         1300    i.GPIO_SetBits      stm32f10x_gpio.o
    0x08000680   0x00000004   Code   RO         3161    i.HardFault_Handler  stm32f10x_it.o
    0x08000684   0x00000034   Code   RO         3108    i.Hardware_Init     main.o
    0x080006b8   0x00000030   Code   RO         3519    i.LoadParamsFromEEPROM  stm32f10x_driver_eeprom.o
    0x080006e8   0x00000004   Code   RO         3162    i.MemManage_Handler  stm32f10x_it.o
    0x080006ec   0x00000002   Code   RO         3163    i.NMI_Handler       stm32f10x_it.o
    0x080006ee   0x00000002   PAD
    0x080006f0   0x00000088   Code   RO         3797    i.NRF24L01_Check    stm32f10x_system_nrf24l01.o
    0x08000778   0x00000010   Code   RO         3798    i.NRF24L01_INIT     stm32f10x_system_nrf24l01.o
    0x08000788   0x00000030   Code   RO         3800    i.NRF_Irq           stm32f10x_system_nrf24l01.o
    0x080007b8   0x0000011c   Code   RO         3801    i.NRF_Matching      stm32f10x_system_nrf24l01.o
    0x080008d4   0x00000040   Code   RO         3802    i.NRF_Read_Buf      stm32f10x_system_nrf24l01.o
    0x08000914   0x0000002c   Code   RO         3803    i.NRF_Read_Reg      stm32f10x_system_nrf24l01.o
    0x08000940   0x00000040   Code   RO         3805    i.NRF_Write_Buf     stm32f10x_system_nrf24l01.o
    0x08000980   0x0000002c   Code   RO         3806    i.NRF_Write_Reg     stm32f10x_system_nrf24l01.o
    0x080009ac   0x00000070   Code   RO          137    i.NVIC_Init         misc.o
    0x08000a1c   0x00000014   Code   RO          138    i.NVIC_PriorityGroupConfig  misc.o
    0x08000a30   0x000000e4   Code   RO         3398    i.PWM_Init          stm32f10x_driver_pwm.o
    0x08000b14   0x00000078   Code   RO         3399    i.PWM_MotorFlash    stm32f10x_driver_pwm.o
    0x08000b8c   0x000000fc   Code   RO         3520    i.ParamSetDefault   stm32f10x_driver_eeprom.o
    0x08000c88   0x00000104   Code   RO         3521    i.ParamToTable      stm32f10x_driver_eeprom.o
    0x08000d8c   0x00000002   Code   RO         3164    i.PendSV_Handler    stm32f10x_it.o
    0x08000d8e   0x00000002   PAD
    0x08000d90   0x000001bc   Code   RO         3665    i.ProcessDataFromNRF  stm32f10x_system_rpdata.o
    0x08000f4c   0x00000020   Code   RO         1708    i.RCC_APB1PeriphClockCmd  stm32f10x_rcc.o
    0x08000f6c   0x00000020   Code   RO         1709    i.RCC_APB1PeriphResetCmd  stm32f10x_rcc.o
    0x08000f8c   0x00000020   Code   RO         1710    i.RCC_APB2PeriphClockCmd  stm32f10x_rcc.o
    0x08000fac   0x00000020   Code   RO         1711    i.RCC_APB2PeriphResetCmd  stm32f10x_rcc.o
    0x08000fcc   0x000000d4   Code   RO         1718    i.RCC_GetClocksFreq  stm32f10x_rcc.o
    0x080010a0   0x00000094   Code   RO         3666    i.ReceiveDataFromNRF  stm32f10x_system_rpdata.o
    0x08001134   0x00000018   Code   RO         2187    i.SPI_Cmd           stm32f10x_spi.o
    0x0800114c   0x00000012   Code   RO         2195    i.SPI_I2S_GetFlagStatus  stm32f10x_spi.o
    0x0800115e   0x00000006   Code   RO         2198    i.SPI_I2S_ReceiveData  stm32f10x_spi.o
    0x08001164   0x00000004   Code   RO         2199    i.SPI_I2S_SendData  stm32f10x_spi.o
    0x08001168   0x000000c4   Code   RO         3353    i.SPI_INIT          stm32f10x_driver_spi.o
    0x0800122c   0x0000003c   Code   RO         2200    i.SPI_Init          stm32f10x_spi.o
    0x08001268   0x00000038   Code   RO         3354    i.SPI_RW            stm32f10x_driver_spi.o
    0x080012a0   0x00000022   Code   RO         3416    i.STMFLASH_Read     stm32f10x_driver_flash.o
    0x080012c2   0x00000006   Code   RO         3417    i.STMFLASH_ReadHalfWord  stm32f10x_driver_flash.o
    0x080012c8   0x000000e8   Code   RO         3418    i.STMFLASH_Write    stm32f10x_driver_flash.o
    0x080013b0   0x00000026   Code   RO         3419    i.STMFLASH_Write_NoCheck  stm32f10x_driver_flash.o
    0x080013d6   0x00000002   Code   RO         3165    i.SVC_Handler       stm32f10x_it.o
    0x080013d8   0x0000000c   Code   RO         3522    i.SaveParamsToEEPROM  stm32f10x_driver_eeprom.o
    0x080013e4   0x00000064   Code   RO         3807    i.SetRX_Mode        stm32f10x_system_nrf24l01.o
    0x08001448   0x00000008   Code   RO           24    i.SetSysClock       system_stm32f10x.o
    0x08001450   0x000000e0   Code   RO           25    i.SetSysClockTo72   system_stm32f10x.o
    0x08001530   0x00000028   Code   RO          141    i.SysTick_CLKSourceConfig  misc.o
    0x08001558   0x00000010   Code   RO         3166    i.SysTick_Handler   stm32f10x_it.o
    0x08001568   0x00000060   Code   RO           27    i.SystemInit        system_stm32f10x.o
    0x080015c8   0x00000044   Code   RO         3374    i.TIM4_IRQHandler   stm32f10x_driver_tim.o
    0x0800160c   0x00000060   Code   RO         3375    i.TIM4_Init         stm32f10x_driver_tim.o
    0x0800166c   0x00000006   Code   RO         2337    i.TIM_ClearITPendingBit  stm32f10x_tim.o
    0x08001672   0x00000018   Code   RO         2342    i.TIM_Cmd           stm32f10x_tim.o
    0x0800168a   0x00000002   PAD
    0x0800168c   0x000001e8   Code   RO         2347    i.TIM_DeInit        stm32f10x_tim.o
    0x08001874   0x00000022   Code   RO         2363    i.TIM_GetITStatus   stm32f10x_tim.o
    0x08001896   0x00000012   Code   RO         2367    i.TIM_ITConfig      stm32f10x_tim.o
    0x080018a8   0x00000098   Code   RO         2371    i.TIM_OC1Init       stm32f10x_tim.o
    0x08001940   0x00000012   Code   RO         2374    i.TIM_OC1PreloadConfig  stm32f10x_tim.o
    0x08001952   0x00000002   PAD
    0x08001954   0x000000a4   Code   RO         2376    i.TIM_OC2Init       stm32f10x_tim.o
    0x080019f8   0x0000001a   Code   RO         2379    i.TIM_OC2PreloadConfig  stm32f10x_tim.o
    0x08001a12   0x00000002   PAD
    0x08001a14   0x000000a0   Code   RO         2381    i.TIM_OC3Init       stm32f10x_tim.o
    0x08001ab4   0x00000012   Code   RO         2384    i.TIM_OC3PreloadConfig  stm32f10x_tim.o
    0x08001ac6   0x00000002   PAD
    0x08001ac8   0x0000007c   Code   RO         2386    i.TIM_OC4Init       stm32f10x_tim.o
    0x08001b44   0x0000001a   Code   RO         2388    i.TIM_OC4PreloadConfig  stm32f10x_tim.o
    0x08001b5e   0x00000014   Code   RO         2389    i.TIM_OCStructInit  stm32f10x_tim.o
    0x08001b72   0x00000004   Code   RO         2403    i.TIM_SetCompare1   stm32f10x_tim.o
    0x08001b76   0x00000004   Code   RO         2404    i.TIM_SetCompare2   stm32f10x_tim.o
    0x08001b7a   0x00000004   Code   RO         2405    i.TIM_SetCompare3   stm32f10x_tim.o
    0x08001b7e   0x00000006   Code   RO         2406    i.TIM_SetCompare4   stm32f10x_tim.o
    0x08001b84   0x000000a4   Code   RO         2413    i.TIM_TimeBaseInit  stm32f10x_tim.o
    0x08001c28   0x00000018   Code   RO         3523    i.TableReadEEPROM   stm32f10x_driver_eeprom.o
    0x08001c40   0x000000f8   Code   RO         3525    i.TableToParam      stm32f10x_driver_eeprom.o
    0x08001d38   0x00000018   Code   RO         3526    i.TableWriteEEPROM  stm32f10x_driver_eeprom.o
    0x08001d50   0x00000088   Code   RO         3452    i.USART1_IRQHandler  stm32f10x_driver_usart.o
    0x08001dd8   0x00000018   Code   RO         2878    i.USART_Cmd         stm32f10x_usart.o
    0x08001df0   0x0000009c   Code   RO         2880    i.USART_DeInit      stm32f10x_usart.o
    0x08001e8c   0x00000054   Code   RO         2882    i.USART_GetITStatus  stm32f10x_usart.o
    0x08001ee0   0x0000004a   Code   RO         2884    i.USART_ITConfig    stm32f10x_usart.o
    0x08001f2a   0x00000002   PAD
    0x08001f2c   0x000000d8   Code   RO         2885    i.USART_Init        stm32f10x_usart.o
    0x08002004   0x0000000a   Code   RO         2892    i.USART_ReceiveData  stm32f10x_usart.o
    0x0800200e   0x00000004   Code   RO         3167    i.UsageFault_Handler  stm32f10x_it.o
    0x08002012   0x00000006   Code   RO         3453    i._sys_exit         stm32f10x_driver_usart.o
    0x08002018   0x00000060   Code   RO         3667    i.dbScaleLinear     stm32f10x_system_rpdata.o
    0x08002078   0x00000044   Code   RO         3493    i.delay_init        stm32f10x_driver_delay.o
    0x080020bc   0x0000004c   Code   RO         3494    i.delay_ms          stm32f10x_driver_delay.o
    0x08002108   0x0000001c   Code   RO         3454    i.fputc             stm32f10x_driver_usart.o
    0x08002124   0x0000002c   Code   RO         3527    i.isEEPROMValid     stm32f10x_driver_eeprom.o
    0x08002150   0x00000070   Code   RO         3594    i.led_init          stm32f10x_system_led.o
    0x080021c0   0x00000010   Code   RO         3109    i.main              main.o
    0x080021d0   0x00000044   Code   RO         3169    i.micros            stm32f10x_it.o
    0x08002214   0x000000a8   Code   RO         3455    i.usart_init        stm32f10x_driver_usart.o
    0x080022bc   0x00000062   Code   RO         4550    x$fpl$d2f           fz_ws.l(d2f.o)
    0x0800231e   0x00000002   PAD
    0x08002320   0x00000154   Code   RO         4570    x$fpl$dmul          fz_ws.l(dmul.o)
    0x08002474   0x0000009c   Code   RO         4698    x$fpl$dnaninf       fz_ws.l(dnaninf.o)
    0x08002510   0x0000000c   Code   RO         4700    x$fpl$dretinf       fz_ws.l(dretinf.o)
    0x0800251c   0x00000056   Code   RO         4574    x$fpl$f2d           fz_ws.l(f2d.o)
    0x08002572   0x00000002   PAD
    0x08002574   0x000000c4   Code   RO         4576    x$fpl$fadd          fz_ws.l(faddsub_clz.o)
    0x08002638   0x00000018   Code   RO         4704    x$fpl$fcmpinf       fz_ws.l(fcmpi.o)
    0x08002650   0x00000184   Code   RO         4583    x$fpl$fdiv          fz_ws.l(fdiv.o)
    0x080027d4   0x00000068   Code   RO         4586    x$fpl$feqf          fz_ws.l(feqf.o)
    0x0800283c   0x00000036   Code   RO         4588    x$fpl$ffix          fz_ws.l(ffix.o)
    0x08002872   0x00000002   PAD
    0x08002874   0x0000003e   Code   RO         4592    x$fpl$ffixu         fz_ws.l(ffixu.o)
    0x080028b2   0x00000002   PAD
    0x080028b4   0x00000030   Code   RO         4597    x$fpl$fflt          fz_ws.l(fflt_clz.o)
    0x080028e4   0x00000026   Code   RO         4596    x$fpl$ffltu         fz_ws.l(fflt_clz.o)
    0x0800290a   0x00000002   PAD
    0x0800290c   0x00000068   Code   RO         4604    x$fpl$fleqf         fz_ws.l(fleqf.o)
    0x08002974   0x0000008c   Code   RO         4706    x$fpl$fnaninf       fz_ws.l(fnaninf.o)
    0x08002a00   0x0000000a   Code   RO         4708    x$fpl$fretinf       fz_ws.l(fretinf.o)
    0x08002a0a   0x00000062   Code   RO         4608    x$fpl$frleqf        fz_ws.l(frleqf.o)
    0x08002a6c   0x000000ea   Code   RO         4578    x$fpl$fsub          fz_ws.l(faddsub_clz.o)
    0x08002b56   0x00000000   Code   RO         4718    x$fpl$usenofp       fz_ws.l(usenofp.o)
    0x08002b56   0x00000002   PAD
    0x08002b58   0x00000020   Data   RO         4946    Region$$Table       anon$$obj.o


    Execution Region RW_IRAM1 (Base: 0x20000000, Size: 0x00000f10, Max: 0x00005000, ABSOLUTE)

    Base Addr    Size         Type   Attr      Idx    E Section Name        Object

    0x20000000   0x00000014   Data   RW           28    .data               system_stm32f10x.o
    0x20000014   0x00000014   Data   RW         1738    .data               stm32f10x_rcc.o
    0x20000028   0x00000008   Data   RW         3171    .data               stm32f10x_it.o
    0x20000030   0x00000003   Data   RW         3376    .data               stm32f10x_driver_tim.o
    0x20000033   0x00000001   PAD
    0x20000034   0x00000006   Data   RW         3457    .data               stm32f10x_driver_usart.o
    0x2000003a   0x00000004   Data   RW         3496    .data               stm32f10x_driver_delay.o
    0x2000003e   0x0000000c   Data   RW         3669    .data               stm32f10x_system_rpdata.o
    0x2000004a   0x00000002   PAD
    0x2000004c   0x00000014   Data   RW         3809    .data               stm32f10x_system_nrf24l01.o
    0x20000060   0x00000400   Zero   RW         3420    .bss                stm32f10x_driver_flash.o
    0x20000460   0x000000c8   Zero   RW         3456    .bss                stm32f10x_driver_usart.o
    0x20000528   0x000000a4   Zero   RW         3528    .bss                stm32f10x_driver_eeprom.o
    0x200005cc   0x00000010   Zero   RW         3668    .bss                stm32f10x_system_rpdata.o
    0x200005dc   0x00000040   Zero   RW         3808    .bss                stm32f10x_system_nrf24l01.o
    0x2000061c   0x000000f0   Zero   RW         4241    .bss                stm32f10x_algorithm_imu.o
    0x2000070c   0x000001a4   Zero   RW         4446    .bss                stm32f10x_algorithm_control.o
    0x200008b0   0x00000060   Zero   RW         4802    .bss                c_w.l(libspace.o)
    0x20000910   0x00000200   Zero   RW            2    HEAP                startup_stm32f10x_md.o
    0x20000b10   0x00000400   Zero   RW            1    STACK               startup_stm32f10x_md.o


==============================================================================

Image component sizes


      Code (inc. data)   RO Data    RW Data    ZI Data      Debug   Object Name

         0          0          0          0          0       4500   core_cm3.o
        68          0          0          0          0        903   main.o
       172         22          0          0          0       2049   misc.o
        64         26        236          0       1536        872   startup_stm32f10x_md.o
         0          0          0          0        420       3990   stm32f10x_algorithm_control.o
         0          0          0          0        240       5015   stm32f10x_algorithm_imu.o
       144         22          0          4          0       1320   stm32f10x_driver_delay.o
       912        220          0          0        164       5594   stm32f10x_driver_eeprom.o
       310         10          0          0       1024       3681   stm32f10x_driver_flash.o
       348         14          0          0          0       1544   stm32f10x_driver_pwm.o
       252         14          0          0          0       1248   stm32f10x_driver_spi.o
       164         20          0          3          0       1953   stm32f10x_driver_tim.o
       338         28          0          6        200       4453   stm32f10x_driver_usart.o
       274         30          0          0          0       3414   stm32f10x_flash.o
       286          0          0          0          0       3028   stm32f10x_gpio.o
       108         14          0          8          0       4891   stm32f10x_it.o
       340         44          0         20          0       5568   stm32f10x_rcc.o
       112          0          0          0          0       3822   stm32f10x_spi.o
       112         12          0          0          0        555   stm32f10x_system_led.o
       800        128          0         20         64       7033   stm32f10x_system_nrf24l01.o
       688         90          0         12         16       4029   stm32f10x_system_rpdata.o
      1460        156          0          0          0      12198   stm32f10x_tim.o
       564         28          0          0          0       5589   stm32f10x_usart.o
       328         28          0         20          0     262529   system_stm32f10x.o

    ----------------------------------------------------------------------
      7860        906        268         96       3664     349778   Object Totals
         0          0         32          0          0          0   (incl. Generated)
        16          0          0          3          0          0   (incl. Padding)

    ----------------------------------------------------------------------

      Code (inc. data)   RO Data    RW Data    ZI Data      Debug   Library Member Name

         8          0          0          0          0         68   __main.o
       104          0          0          0          0         84   __printf.o
         0          0          0          0          0          0   __rtentry.o
        12          0          0          0          0          0   __rtentry2.o
         6          0          0          0          0          0   __rtentry4.o
        52          8          0          0          0          0   __scatter.o
        26          0          0          0          0          0   __scatter_copy.o
        28          0          0          0          0          0   __scatter_zi.o
        48          6          0          0          0         96   _printf_char_common.o
        36          4          0          0          0         80   _printf_char_file.o
         6          0          0          0          0          0   _printf_d.o
       120         16          0          0          0         92   _printf_dec.o
       178          0          0          0          0         88   _printf_intcommon.o
         0          0          0          0          0          0   _printf_percent.o
         4          0          0          0          0          0   _printf_percent_end.o
        18          0          0          0          0         80   exit.o
         8          0          0          0          0         68   ferror.o
         6          0          0          0          0        152   heapauxi.o
         2          0          0          0          0          0   libinit.o
         2          0          0          0          0          0   libinit2.o
         2          0          0          0          0          0   libshutdown.o
         2          0          0          0          0          0   libshutdown2.o
         8          4          0          0         96         68   libspace.o
        24          4          0          0          0         84   noretval__2printf.o
         2          0          0          0          0          0   rtexit.o
        10          0          0          0          0          0   rtexit2.o
        74          0          0          0          0         80   sys_stackheap_outer.o
         2          0          0          0          0         68   use_no_semi.o
         2          0          0          0          0         68   use_no_semi_2.o
        98          4          0          0          0         92   d2f.o
       340         12          0          0          0        104   dmul.o
       156          4          0          0          0         92   dnaninf.o
        12          0          0          0          0         68   dretinf.o
        86          4          0          0          0         84   f2d.o
       430          8          0          0          0        168   faddsub_clz.o
        24          0          0          0          0         68   fcmpi.o
       388         76          0          0          0         96   fdiv.o
       104          4          0          0          0         84   feqf.o
        54          4          0          0          0         84   ffix.o
        62          4          0          0          0         84   ffixu.o
        86          0          0          0          0        136   fflt_clz.o
       104          4          0          0          0         84   fleqf.o
       140          4          0          0          0         84   fnaninf.o
        10          0          0          0          0         68   fretinf.o
        98          0          0          0          0         68   frleqf.o
         0          0          0          0          0          0   usenofp.o

    ----------------------------------------------------------------------
      3000        170          0          0         96       2640   Library Totals
        18          0          0          0          0          0   (incl. Padding)

    ----------------------------------------------------------------------

      Code (inc. data)   RO Data    RW Data    ZI Data      Debug   Library Name

       790         42          0          0         96       1176   c_w.l
      2192        128          0          0          0       1464   fz_ws.l

    ----------------------------------------------------------------------
      3000        170          0          0         96       2640   Library Totals

    ----------------------------------------------------------------------

==============================================================================


      Code (inc. data)   RO Data    RW Data    ZI Data      Debug   

     10860       1076        268         96       3760     346018   Grand Totals
     10860       1076        268         96       3760     346018   ELF Image Totals
     10860       1076        268         96          0          0   ROM Totals

==============================================================================

    Total RO  Size (Code + RO Data)                11128 (  10.87kB)
    Total RW  Size (RW Data + ZI Data)              3856 (   3.77kB)
    Total ROM Size (Code + RO Data + RW Data)      11224 (  10.96kB)

==============================================================================

