<html>
<body>
<pre>
<h1>µVision Build Log</h1>
<h2>Tool Versions:</h2>
IDE-Version: ¦ÌVision V5.17.0.0
Copyright (C) 2015 ARM Ltd and ARM Germany GmbH. All rights reserved.
License Information: stm32 stm32, stm32, LIC=X96DY-I62YW-SBVEJ-U4S83-UWXZQ-1R20N
 
Tool Versions:
Toolchain:       MDK-ARM Standard  Version: 5.17
Toolchain Path:  E:\Keil_v5\ARM\ARMCC\Bin
C Compiler:      Armcc.exe V5.06 update 1 (build 61)
Assembler:       Armasm.exe V5.06 update 1 (build 61)
Linker/Locator:  ArmLink.exe V5.06 update 1 (build 61)
Library Manager: ArmAr.exe V5.06 update 1 (build 61)
Hex Converter:   FromElf.exe V5.06 update 1 (build 61)
CPU DLL:         SARMCM3.DLL V5.17
Dialog DLL:      DCM.DLL V1.13.4.0
Target DLL:      Segger\JL2CM3.dll V2.99.16.0
Dialog DLL:      TCM.DLL V1.14.6.0
 
<h2>Project:</h2>
C:\Users\abcd\Documents\GitHub\breeze_firmware_none\keil\Project\breeze_firmware_none.uvprojx
Project File Date:  09/30/2016

<h2>Output:</h2>
*** Using Compiler 'V5.06 update 1 (build 61)', folder: 'E:\Keil_v5\ARM\ARMCC\Bin'
Rebuild target 'breeze_firmware_none'
assembling startup_stm32f10x_md.s...
compiling stm32f10x_bkp.c...
compiling stm32f10x_adc.c...
compiling misc.c...
compiling core_cm3.c...
compiling system_stm32f10x.c...
compiling stm32f10x_can.c...
compiling stm32f10x_cec.c...
compiling stm32f10x_crc.c...
compiling stm32f10x_exti.c...
compiling stm32f10x_dma.c...
compiling stm32f10x_dac.c...
compiling stm32f10x_dbgmcu.c...
compiling stm32f10x_flash.c...
compiling stm32f10x_fsmc.c...
compiling stm32f10x_pwr.c...
compiling stm32f10x_i2c.c...
compiling stm32f10x_rcc.c...
compiling stm32f10x_gpio.c...
compiling stm32f10x_iwdg.c...
compiling stm32f10x_rtc.c...
compiling stm32f10x_sdio.c...
compiling stm32f10x_spi.c...
compiling main.c...
compiling stm32f10x_wwdg.c...
compiling stm32f10x_usart.c...
compiling stm32f10x_tim.c...
compiling stm32f10x_driver_sys.c...
compiling stm32f10x_it.c...
compiling stm32f10x_driver_tim.c...
compiling stm32f10x_driver_spi.c...
compiling stm32f10x_driver_iic.c...
compiling stm32f10x_driver_flash.c...
compiling stm32f10x_driver_pwm.c...
compiling stm32f10x_driver_usart.c...
compiling stm32f10x_driver_delay.c...
compiling stm32f10x_system_led.c...
compiling stm32f10x_driver_eeprom.c...
compiling stm32f10x_system_rpdata.c...
compiling stm32f10x_system_battery.c...
compiling stm32f10x_system_nrf24l01.c...
compiling stm32f10x_system_mpu6050.c...
compiling stm32f10x_system_ms5611.c...
..\System\System_MS5611\stm32f10x_system_ms5611.c(54): warning:  #550-D: variable "PressBuffer" was set but never used
  static float PressBuffer[BUFFER_SIZE];
..\System\System_MS5611\stm32f10x_system_ms5611.c: 1 warning, 0 errors
compiling stm32f10x_algorithm_bar.c...
compiling stm32f10x_algorithm_filter.c...
compiling stm32f10x_algorithm_control.c...
compiling stm32f10x_algorithm_imu.c...
..\Algorithm\Algorithm_IMU\stm32f10x_algorithm_imu.c(136): warning:  #177-D: function "EularToDCM" was declared but never referenced
  static void EularToDCM(float DCM[3][3], float pitch, float yaw, float roll)
..\Algorithm\Algorithm_IMU\stm32f10x_algorithm_imu.c: 1 warning, 0 errors
linking...
Program Size: Code=10860 RO-data=268 RW-data=96 ZI-data=3760  
FromELF: creating hex file...
"..\Build\Output\breeze_firmware_none.axf" - 0 Error(s), 2 Warning(s).

<h2>Collection of Component include folders:</h2>
  C:\Users\abcd\Documents\GitHub\breeze_firmware_none\keil\Project\RTE
  E:\Keil_v5\ARM\PACK\Keil\STM32F1xx_DFP\2.1.0\Device\Include

<h2>Collection of Component Files used:</h2>
Build Time Elapsed:  00:00:30
</pre>
</body>
</html>
